argument 1 is /gpfs/mnt/gpfs02/eic/wlin/BeAGLE_eHe3_9x166/INP/Q2min1.1.inp

This container includes FLUKA, which is subject to licensing restrictions.
By using this container you acknowledge the following:

  1. DO NOT REDISTRIBUTE: You must not transmit or distribute the FLUKA
     software (whether modified or not) to anyone unauthorized.

  2. COMPILER DISCLAIMER: This container builds FLUKA with GCC 11
     (the default for AlmaLinux 9), which may not be an officially cleared
     compiler version. The FLUKA developers state:

       "The availability of the source code shall not be exploited for
        tentative builds on other architectures or with different
        compilers/compiler options than the ones recommended by the
        development team. Our experience shows that for a code of the
        complexity of FLUKA the chances of hitting one or more compiler
        issues are very large. Therefore users shall not make use for
        every serious task, including whichever form of publication or
        presentation, of code versions built on platforms and/or with
        compiler options which have not been cleared as safe by the
        development team."

     Results obtained with this build should be validated accordingly.

  3. Refer to the FLUKA license agreement for full terms and conditions:
     https://fluka.cern/

BeAGLE is installed to /usr/local.
The /work directory is pre-configured with some required symlinks.
When running from a different directory, you may need to manually do:

  ln -s /usr/local/fluka/nuclear.bin .
  ln -s /usr/local/share/BeAGLE/eAt1dfJn .
  mkdir outForPythiaMode

Running is

  BeAGLE < /usr/local/share/BeAGLE/<input_file>.inp

 +-----------------------------------------------------------------------+
 | Welcome to BeAGLE - Benchmark eA Generator for LEptoproduction        |
 |                                                                       |
 |         BBBBBB  EEEEEEE     A     GGGGGG  LL       EEEEEEE            |
 |         BB   B  EE         A A    GG      LL       EE                 |
 |         BB  B   EE        A   A   GG      LL       EE                 |
 |         BBBBB   EEEEE     AAAAA   GG  GG  LL       EEEEE              |
 |         BB  B   EE       A     A  GG   G  LL       EE                 |
 |         BB   B  EE       A     A  GG   G  LL       EE                 |
 |         BBBBBB  EEEEEEE  A     A  GGGGGG  LLLLLLL  EEEEEEE            |
 |                                                                       |
 | BeAGLE Version 1.03.02                                                |
 |                                                                       |
 | Authors: Elke Aschenauer, Mark D. Baker, J.H. Lee, Zhoudunming Tu,    |
 |          Liang Zheng                                                  |
 | Contact: mdbaker@mdbpads.com or zhoudunming@bnl.gov                   |
 |                                                                       |
 | This program (previously called DPMJetHybrid) links to:               |
 | DPMJET, PHOJET, & PYTHIA (see version #s below) including also        |
 | LHAPDF for pdfs, and FLUKA & PyQM for conventional nuclear effects    |
 +-----------------------------------------------------------------------+

                            _______.
                         ,=~       '~\c.
                        i`             '\.
                       ,!                'c
                      ,/                 . t
                   ,_v`              ,,md@m.\
               ,v=~`    m.           [d@@@@@/i
             ,/`        '*          ],@@@@@@[[
            ,!                      ]]@@@@@@[[
            /                       ]]@@@@@@[[
           i`                       ]]@@@@@@[[
          g4.                       'i@@@@@A\|
         ]W@b                        \/M@Af,|
         'M@@W                      v/~===/`
              \=c_______==~~~~\.   /
                             ,mWmmWs
                             '*A**Mf
                             ,v`   \c.
                           _=`       'c.              v==c.
                         v/            'c           _K., i'i
                      ,v~                \c_  __==~~  ]'i] ]
                    ,=`                     ~~      'P`,!/ /
                  _/`      .           -.           .!.' _/
       ,.     ,_=~    ,_=/~[            N=__  __==~~'\/~~
     ,/`'i  ,/`    _=~`    [            ]   ~~
      t_.]~~~~~TXXXXG.     [            |.
      ] 'Y~~~~~`     [     [             [
      ]v`d           [     ]    __.       [
      ] /]   ,/    .,!     ]  v~, /\c   ,v/~~=.
      ][!d  -`    i` ]     ] / i! !i'i  [, [] /c
      ][/]    v   [  ]     ]i` `   ' [ ] !    !'i
      ]P,4  ,/   / / ]     ]]        [ ]        [
      ][/] -`   ,|,-'i     ]]        [ ]        [
      iV,]   v  / /  [     ]]        [ ]        [
      ] \] ,/    '   [     |/i       [ ]       ,|
~~~~~~Vg|] ` ____====f~~~~~~~~c    ,/~~~c     ,/~~~~~~~~~~~~~~~~~~~
        '~~~~                 ~==/`     \c__=`

 Art credit: asciiworld.com


 +-----------------------------------------------------------------------+
 |                                                                       |
 |                          DPMJET version 3.0-5                         |
 |                                                                       |
 |                      (Last change: 06 Jan 2010)                       |
 |                                                                       |
 |            Authors: Stefan Roesler   (CERN)                           |
 |                     Ralph Engel      (FZ Karlsruhe)                   |
 |                     Johannes Ranft   (Siegen Univ.)                   |
 |                                                                       |
 +-----------------------------------------------------------------------+
 | Please send suggestions, bug reports, etc. to: Stefan.Roesler@cern.ch |
 +-----------------------------------------------------------------------+

 Will use BEAGLESYS for .dat files: /usr/local/share/BeAGLE.
  
**********************************************************************        
* Example for a DTUNUC input file.                                            
* Uncomment the input-cards according to your requirements.                   
*                                                                             
* Format: A10,6E10.0,A8                                                       
*        (except for the section enclosed by "PHOINPUT" and "ENDINPUT"        
*         which is format-free)                                               
*         lines starting with "*" are comment lines                           
**********************************************************************        
*                                                                             
* projectile / target                                                         
* -------------------                                                         
PROJPAR     0.00      0.00      0.00      0.00      0.00      0.00    ELECTRON
TARPAR      3.00      2.00      0.00      0.00      0.00      0.00            

 WARNING!
 WARNING!
 WARNING WILL ROBISON!
 Intranuclear cascade disallowed for A=3
 KTAUGE set to 0 to turn off INC

TAUFOR      10.0      25.0      1.00      0.00      0.00      0.00            

 WARNING!
 WARNING!
 WARNING WILL ROBISON!
 Intranuclear cascade disallowed for A=3
 KTAUGE set to 0 to turn off INC

FERMI       2.00     0.620      1.00      0.00      0.00      0.00            
* random number                                                               
*FSEED            13        -1         3         3                            
* output file with the name of fort.xx (xx=21-99)                             
OUTPUT      92.0      0.00      0.00      0.00      0.00      0.00            
* energy of interaction                                                       
* ---------------------                                                       
*	     momentum of beam1||momentum of beam2                                   
MOMENTUM    9.00      166.      0.00      0.00      0.00      0.00            
 BEAM1, BEAM2, MAscl, gamma, beta, EPN
   9.0000000000000000          166.00000000000000         0.93613074553494069          177.32847719342320         0.99998409929105947          3191.8872152175386     
*	decay of pi0  2/0  decay/not decayed                                        
PARDECAY    2.00      0.00      0.00      0.00      0.00      0.00            
*	treatment of diffractive events                                             
*DIFFRACT         -3         0         0         0                            
* lepton tagger to sample events with certain kinematics cuts                 
*		yMin      yMax    Q2Min    Q2Max   theta_Min theta_Max                     
L-TAG      0.100E-01 0.950      1.00      10.0      0.00      6.29            
*VDM-PAR2           1        1         0                                      
* model selection                                                             
USERSET     15.0      9.00      0.00      0.00      0.00      0.00            
 USERSET 15 selected. Fermi debug.
            USER1 = pxmiss
            USER2 = pxspec
            USER3 = P00
MODEL       0.00      0.00      0.00      0.00      0.00      0.00    PYTHIA  
* if PYTHIA model specify pythia input cards                                  
PY-INPUT    0.00      0.00      0.00      0.00      0.00      0.00    PY/py1.1
* PHOJET-specific input                                                       
* ---------------------                                                       
* The following lines control the event-generation with PHOJET for            
* individual photon/nucleon-nucleon collisions.                               
* For details see the PHOJET-manual available at                              
*        http://lepton.bartol.udel.edu/~eng/phojet.html                       
* Any options explained in the PHOJET-manual can be used in between           
* the "PHOINPUT" and "ENDINPUT" cards.                                        
PHOINPUT    0.00      0.00      0.00      0.00      0.00      0.00            

  ===================================================
                                                     
       ----      PHOJET version 1.12      ----      
                                                     
  ===================================================
      Authors: Ralph Engel      (FZ Karlsruhe)
               Johannes Ranft   (Siegen Univ.)
               Stefan Roesler   (CERN)
  ---------------------------------------------------
    Manual, updates, and further information:
     http://www-ik.fzk.de/~engel/phojet.html
  ---------------------------------------------------
     please send suggestions / bug reports etc. to:
              ralph.engel@fzk.de
  ===================================================
    $Date: 2000/06/25 21:59:19 $
    $Revision: 1.12.1.35 $
    (code version with interface to PYTHIA 6.x)
    (code version for usage in DPMJET 3.x)
  ===================================================

 PROCESS              1           1           1           1           1           1           1           1
  RETURN
*                                                                             
* Output                                                                      
* ------                                                                      
*   some default output (particle multiplicities etc.)                        
HISTOGRAM   101.      102.      0.00      0.00      0.00      0.00            
*                                                                             
* Start of event generation                                                   
* -------------------------                                                   
*		number of events                                                           
START      0.100E+07  0.00      0.00      0.00      0.00      0.00            
 %%%%%%%%%% FLUKA RANDOM SEED INIT %%%%%%%%%%%
          13          -1           3           3
 %%%%%%%%%%%%%%%%%%%%%%%%%%%%%%%%%%%%%%%%%%%%%
 DT_JSPARA: new value (default value)
 Momentum read by BeAGLE: P(e)=   9.0000000000000000       P(p)=   166.00000000000000     
 the input file is: PY/py1.1                                                                                                                                                                                                                                                        
1                                                                              
 ******************************************************************************
 ******************************************************************************
 **                                                                          **
 **                                                                          **
 **              *......*                  Welcome to the Lund Monte Carlo!  **
 **         *:::!!:::::::::::*                                               **
 **      *::::::!!::::::::::::::*          PPP  Y   Y TTTTT H   H III   A    **
 **    *::::::::!!::::::::::::::::*        P  P  Y Y    T   H   H  I   A A   **
 **   *:::::::::!!:::::::::::::::::*       PPP    Y     T   HHHHH  I  AAAAA  **
 **   *:::::::::!!:::::::::::::::::*       P      Y     T   H   H  I  A   A  **
 **    *::::::::!!::::::::::::::::*!       P      Y     T   H   H III A   A  **
 **      *::::::!!::::::::::::::* !!                                         **
 **      !! *:::!!:::::::::::*    !!       This is PYTHIA version 6.428      **
 **      !!     !* -><- *         !!       Last date of change:  5 Sep 2013  **
 **      !!     !!                !!                                         **
 **      !!     !!                !!       Now is  0 Jan 2000 at  0:00:00    **
 **      !!                       !!                                         **
 **      !!        lh             !!       Disclaimer: this program comes    **
 **      !!                       !!       without any guarantees. Beware    **
 **      !!                 hh    !!       of errors and use common sense    **
 **      !!    ll                 !!       when interpreting results.        **
 **      !!                       !!                                         **
 **      !!                                Copyright T. Sjostrand (2011)     **
 **                                                                          **
 ** An archive of program versions and documentation is found on the web:    **
 ** http://www.thep.lu.se/~torbjorn/Pythia.html                              **
 **                                                                          **
 ** When you cite this program, the official reference is to the 6.4 manual: **
 ** T. Sjostrand, S. Mrenna and P. Skands, JHEP05 (2006) 026                 **
 ** (LU TP 06-13, FERMILAB-PUB-06-052-CD-T) [hep-ph/0603175].                **
 **                                                                          **
 ** Also remember that the program, to a large extent, represents original   **
 ** physics research. Other publications of special relevance to your        **
 ** studies may therefore deserve separate mention.                          **
 **                                                                          **
 ** Main author: Torbjorn Sjostrand; Department of Theoretical Physics,      **
 **   Lund University, Solvegatan 14A, S-223 62 Lund, Sweden;                **
 **   phone: + 46 - 46 - 222 48 16; e-mail: torbjorn@thep.lu.se              **
 ** Author: Stephen Mrenna; Computing Division, GDS Group,                   **
 **   Fermi National Accelerator Laboratory, MS 234, Batavia, IL 60510, USA; **
 **   phone: + 1 - 630 - 840 - 2556; e-mail: mrenna@fnal.gov                 **
 ** Author: Peter Skands; CERN/PH-TH, CH-1211 Geneva, Switzerland            **
 **   phone: + 41 - 22 - 767 24 47; e-mail: peter.skands@cern.ch             **
 **                                                                          **
 **                                                                          **
 ******************************************************************************
 ******************************************************************************
     MSEL           changed from              1 to              2
     mstp(14)       changed from             30 to             30
     MSTP(15)       changed from              0 to              0
     MSTP(16)       changed from              1 to              1
     MSTP(17)       changed from              4 to              6
     MSTP(18)       changed from              3 to              3
     MSTP(19)       changed from              4 to              1
     MSTP(20)       changed from              3 to              4
     MSTP(32)       changed from              8 to              8
     MSTP(38)       changed from              5 to              4
     MSTP(51)       changed from              7 to          10042
     MSTP(52)       changed from              1 to              2
     MSTP(53)       changed from              3 to              3
     MSTP(54)       changed from              1 to              1
     MSTP(55)       changed from              5 to              5
     MSTP(56)       changed from              1 to              1
     MSTP(57)       changed from              1 to              1
     MSTP(58)       changed from              5 to              5
     MSTP(59)       changed from              1 to              1
     MSTP(60)       changed from              7 to              7
     MSTP(61)       changed from              2 to              2
     MSTP(71)       changed from              1 to              1
     MSTP(81)       changed from              1 to              0
     MSTP(82)       changed from              4 to              1
     MSTP(91)       changed from              1 to              1
     MSTP(92)       changed from              3 to              3
     MSTP(93)       changed from              1 to              1
     MSTP(94)       changed from              3 to              2
     MSTP(101)      changed from              3 to              1
     MSTP(102)      changed from              1 to              1
     MSTP(111)      changed from              1 to              1
     MSTP(121)      changed from              0 to              0
     PARP(2)        changed from       10.00000 to        2.00000
     PARP(13)       changed from        1.00000 to        1.00000
     PARP(18)       changed from        0.40000 to        0.17000
     PARP(81)       changed from        1.90000 to        1.90000
     PARP(89)       changed from     1800.00000 to     1800.00000
     PARP(90)       changed from        0.25000 to        0.16000
     PARP(91)       changed from        2.00000 to        0.40000
     PARP(93)       changed from        5.00000 to        5.00000
     PARP(97)       changed from        1.00000 to        6.00000
     PARP(99)       changed from        1.00000 to        0.40000
     PARP(100)      changed from        5.00000 to        5.00000
     PARP(102)      changed from        0.28000 to        0.28000
     PARP(103)      changed from        1.00000 to        1.00000
     PARP(104)      changed from        0.80000 to        0.80000
     PARP(111)      changed from        2.00000 to        2.00000
     PARP(161)      changed from        2.20000 to        3.00000
     PARP(162)      changed from       23.60000 to       24.60000
     PARP(163)      changed from       18.40000 to       18.80000
     PARP(164)      changed from       11.50000 to       11.50000
     PARP(165)      changed from        0.50000 to        0.47679
     PARP(166)      changed from        0.00000 to        0.67597
     PARJ(1)        changed from        0.10000 to        0.10000
     PARJ(2)        changed from        0.30000 to        0.30000
     PARJ(11)       changed from        0.50000 to        0.50000
     PARJ(12)       changed from        0.60000 to        0.60000
     PARJ(21)       changed from        0.36000 to        0.40000
     PARJ(32)       changed from        1.00000 to        1.00000
     PARJ(33)       changed from        0.80000 to        0.80000
     PARJ(41)       changed from        0.30000 to        0.30000
     PARJ(42)       changed from        0.58000 to        0.58000
     PARJ(45)       changed from        0.50000 to        0.50000
     PARJ(170)      changed from        0.36000 to        0.32000
     MSTJ(1)        changed from              1 to              1
     MSTJ(12)       changed from              2 to              1
     MSTJ(45)       changed from              5 to              5
     MSTU(112)      changed from              5 to              5
     MSTU(113)      changed from              3 to              5
     MSTU(114)      changed from              5 to              5
     CKIN(1)        changed from        2.00000 to        1.00000
     CKIN(2)        changed from       -1.00000 to       -1.00000
     CKIN(3)        changed from        0.00000 to        0.00000
     CKIN(4)        changed from       -1.00000 to       -1.00000
     CKIN(5)        changed from        1.00000 to        1.00000
     CKIN(6)        changed from        1.00000 to        1.00000
     CKIN(7)        changed from      -10.00000 to      -10.00000
     CKIN(8)        changed from       10.00000 to       10.00000
     CKIN(9)        changed from      -40.00000 to      -40.00000
     CKIN(10)       changed from       40.00000 to       40.00000
     CKIN(11)       changed from      -40.00000 to      -40.00000
     CKIN(12)       changed from       40.00000 to       40.00000
     CKIN(13)       changed from      -40.00000 to      -40.00000
     CKIN(14)       changed from       40.00000 to       40.00000
     CKIN(15)       changed from      -40.00000 to      -40.00000
     CKIN(16)       changed from       40.00000 to       40.00000
     CKIN(17)       changed from       -1.00000 to       -1.00000
     CKIN(18)       changed from        1.00000 to        1.00000
     CKIN(19)       changed from       -1.00000 to       -1.00000
     CKIN(20)       changed from        1.00000 to        1.00000
     CKIN(21)       changed from        0.00000 to        0.00000
     CKIN(22)       changed from        1.00000 to        1.00000
     CKIN(23)       changed from        0.00000 to        0.00000
     CKIN(24)       changed from        1.00000 to        1.00000
     CKIN(25)       changed from       -1.00000 to       -1.00000
     CKIN(26)       changed from        1.00000 to        1.00000
     CKIN(27)       changed from       -1.00000 to       -1.00000
     CKIN(28)       changed from        1.00000 to        1.00000
     CKIN(31)       changed from        2.00000 to        2.00000
     CKIN(32)       changed from       -1.00000 to       -1.00000
     CKIN(35)       changed from        0.00000 to        0.00000
     CKIN(36)       changed from       -1.00000 to       -1.00000
     CKIN(37)       changed from        0.00000 to        0.00000
     CKIN(38)       changed from       -1.00000 to       -1.00000
     CKIN(39)       changed from        4.00000 to        4.00000
     CKIN(40)       changed from       -1.00000 to       -1.00000
     CKIN(65)       changed from        0.00000 to        0.00000
     CKIN(66)       changed from       -1.00000 to       -1.00000
     CKIN(67)       changed from        0.00000 to        0.00000
     CKIN(68)       changed from       -1.00000 to       -1.00000
     CKIN(77)       changed from        2.00000 to        2.00000
     CKIN(78)       changed from       -1.00000 to       -1.00000
 WARNING: Shadowing corrections for gamma*+Au are being used. Not fully accurate for A=           3
 WARNING: Shadowing corrections for gamma*+Cu are being used. Not fully accurate for A=           3
 Opening file: /usr/local/share/BeAGLE/shadowmapCa.dat                                                                                                                                                                                                                        
 *********************************************
 NOW all parameters are read by PYTHIA
 *********************************************
 the output file is: outForPythiaMode/Q2min1.1.txt                                                                                                                                                                                                                                   
 kinematics cut read by PYTHIA:
   1.0000000000000000E-002  < y <   0.94999999999999996      ,    1.0000000000000000       < Q2 <    10.000000000000000     
 Successfully got seed from /dev/urandom:   1029105246
 SEED =   1029105246
 RANLUX LUXURY LEVEL SET BY RLUXGO : 4     P= 389
 RANLUX INITIALIZED BY RLUXGO FROM SEEDS  1029105246           0           0
   3191.8872152074900        9.0000000144500003       -3191.8872152074491       -9.0000000000000000     
 *********************************************
 Nucleus: Z, A:            2             3
 Per nucleon beam momentum:   166.00000000000000      GeV
 sqrts for momentum matched ep:    77.310594908593799      GeV
 Rapidity-matched neutron beam momentum:    166.60986805948096      GeV
 Rapidity-matched proton beam momentum:    166.37934470467258      GeV
 lepton beam momentum:    9.0000000000000000      GeV
 sqrts for eN system:    77.452474031692489      GeV
 lepton beam energy in TRF:    3191.8872152074900      GeV
 *********************************************
 Density profile of the target: DONE
 Charge number=           2  Mass number=           3
 Quenching requested, qhat=   0.0000000000000000     
 Using recoil factor:   0.0000000000000000     
       Ptmodel iPtF:            3
       EmitGluon iEg:           0
       SupFactor:       1.0000000000000000     
       Heavy Quarks:            0
       Energy Thres:    0.0000000000000000     

 WEAK DECAY TABLE
 Particle, PID, MDCY value
 K_S0                     310           1
 pi0                      111           1
 Lambda0                 3122           1
 Lambdabar0             -3122           1
 Sigma+                  3222           1
 Sigmabar-              -3222           1
 Sigma-                  3112           1
 Sigmabar+              -3112           1
 Xi0                     3322           1
 Xibar0                 -3322           1
 Xi-                     3312           1
 Xibar+                 -3312           1
 Omega-                  3334           1
 Omegabar+              -3334           1
 D+                       411           1
 D-                      -411           1
 D0                       421           1
 Dbar0                   -421           1
 D_s+                     431           1
 D_s-                    -431           1
 eta_c                    441           1
 Lambda_c+               4122           1
 Lambda_cbar-           -4122           1
 Sigma_c++               4222           1
 Sigma_c+                4212           1
 Sigma_c0                4112           1
 Sigma_cbar--           -4222           1
 Sigma_cbar-            -4212           1
 Sigma_cbar0            -4112           1
 Xi_c+                   4232           1
 Xi_c0                   4132           1
 Xi_cbar-               -4232           1
 Xi_cbar0               -4132           1
 Sigma0                  3212           1
 Sigmabar0              -3212           1
 J/psi                    443           1
 phi                      333           1

1****************** PYINIT: initialization of PYTHIA routines *****************
 ==== PYTHIA WILL USE LHAPDF ====
 *************************************
 *       LHAPDF Version 5.9.1        *
 *   Configured for the following:   *
 *             All PDFs              *
 *         FULL MEMORY option        *
 *    Maximum  3 concurrent set(s)   *
 *************************************

 >>>>>> PDF description: <<<<<<
 CTEQ6L1 - LO with LO alpha_s                                    
 Reference:                                                      
 J. Pumplin, D.R. Stump, J. Huston, H.L. Lai, P. Nadolsky,       
 W.K. Tung                                                       
 hep-ph/0201195                                                  
 >>>>>>                   <<<<<<

 Parametrization: CTEQ6           

 ==============================================
 PDFset name /cvmfs/sft.cern.ch/lcg/external/lhapdfsets/5.9.1/share/PDFsets/cteq6ll.LHpdf    
 with          1 members
 ====  initialized. ===========================
 Strong coupling at Mz for PDF is:  0.12978

 ==============================================================================
 I                                                                            I
 I      PYTHIA will be initialized for gamma/e- on n0 user configuration      I
 I                                                                            I
 I                  px (GeV/c)   py (GeV/c)   pz (GeV/c)      E (GeV)         I
 I        gamma/e-       0.000        0.000       -9.000        9.000         I
 I        n0             0.000        0.000      166.610      166.613         I
 I                                                                            I
 I           corresponding to     77.452 GeV center-of-mass energy            I
 I                                                                            I
 ==============================================================================
 EPS09LO unavailable for A=           3 using           4
 /cvmfs/sft.cern.ch/lcg/external/lhapdfsets/5.9.1/share/PDFsets/EPS09LOR_4.LHgrid

 ******** PYMAXI: summary of differential cross-section maximum search ********

           ==========================================================
           I                                      I                 I
           I  ISUB  Subprocess name               I  Maximum value  I
           I                                      I                 I
           ==========================================================
           I                                      I                 I
           I   91   Elastic scattering            I    2.8053D-04   I
           I   92   Single diffractive (XB)       I    2.1269D-04   I
           I   93   Single diffractive (AX)       I    1.7387D-04   I
           I   94   Double  diffractive           I    1.6541D-04   I
           I   95   Low-pT scattering             I    1.2748D-03   I
           I   96   Semihard QCD 2 -> 2           I    1.2124D-02   I
           I                                      I                 I
           ==========================================================

 ******** PYMAXI: summary of differential cross-section maximum search ********

           ==========================================================
           I                                      I                 I
           I  ISUB  Subprocess name               I  Maximum value  I
           I                                      I                 I
           ==========================================================
           I                                      I                 I
           I  131   f + gamma*_T -> f + g         I    1.1609D-04   I
           I  132   f + gamma*_L -> f + g         I    6.1872D-06   I
           I  135   g + gamma*_T -> f + fbar      I    4.8327D-04   I
           I  136   g + gamma*_L -> f + fbar      I    8.5452D-05   I
           I                                      I                 I
           ==========================================================

 ******** PYMAXI: summary of differential cross-section maximum search ********

           ==========================================================
           I                                      I                 I
           I  ISUB  Subprocess name               I  Maximum value  I
           I                                      I                 I
           ==========================================================
           I                                      I                 I
           I   91   Elastic scattering            I    1.2940D-05   I
           I   92   Single diffractive (XB)       I    1.0009D-05   I
           I   93   Single diffractive (AX)       I    7.9501D-06   I
           I   94   Double  diffractive           I    7.7293D-06   I
           I   95   Low-pT scattering             I    6.3192D-05   I
           I   96   Semihard QCD 2 -> 2           I    8.7273D-03   I
           I                                      I                 I
           ==========================================================

 ******** PYMAXI: summary of differential cross-section maximum search ********

           ==========================================================
           I                                      I                 I
           I  ISUB  Subprocess name               I  Maximum value  I
           I                                      I                 I
           ==========================================================
           I                                      I                 I
           I   99   q + gamma* -> q               I    1.7342D-03   I
           I                                      I                 I
           ==========================================================

 ********************** PYINIT: initialization completed **********************
 LAEVT:                kinematical cuts
                      ------------------
         W (min)   =    0.5 GeV    (max) =   77.5 GeV
         y (min)   =  0.010        (max) =  0.950
         Q^2 (min) =    1.0 GeV^2  (max) =   10.0 GeV^2
 (Lab)   E_g (min) =    0.0 GeV
 (Lab) theta (min) = 0.0000        (max) = 6.2900   for E_lpt >    0.0 GeV

 resulting limits:
         W (min)   =    7.8 GeV    (max) =   75.5 GeV

 limits for Glauber-initialization:
         W (min)   =    7.8 GeV    (max) =   75.5 GeV
         Q^2 (min) =    1.0 GeV^2  (max) =   10.0 GeV^2



 SHMAKI:    Glauber formalism (Shmakov et. al) - initialization
            ---------------------------------------------------

 variable energy run:     projectile-id:  7    target A/Z:   3 /  2

        E_cm (GeV)    Q^2 (GeV^2)    Sigma_tot (mb)     Sigma_in (mb)
       --------------------------------------------------------------
            7.8           1.00           0.101              0.000
            7.8           1.78           0.066              0.000
            7.8           3.16           0.041              0.000
            7.8           5.62           0.025              0.000
            7.8          10.00           0.014              0.000
           10.8           1.00           0.102              0.000
           10.8           1.78           0.067              0.000
           10.8           3.16           0.041              0.000
           10.8           5.62           0.025              0.000
           10.8          10.00           0.014              0.000
           14.9           1.00           0.106              0.000
           14.9           1.78           0.070              0.000
           14.9           3.16           0.043              0.000
           14.9           5.62           0.026              0.000
           14.9          10.00           0.015              0.000
           20.6           1.00           0.113              0.000
           20.6           1.78           0.075              0.000
           20.6           3.16           0.047              0.000
           20.6           5.62           0.028              0.000
           20.6          10.00           0.016              0.000
           28.5           1.00           0.122              0.000
           28.5           1.78           0.081              0.000
           28.5           3.16           0.051              0.000
           28.5           5.62           0.031              0.000
           28.5          10.00           0.018              0.000
           39.5           1.00           0.133              0.000
           39.5           1.78           0.090              0.000
           39.5           3.16           0.057              0.000
           39.5           5.62           0.035              0.000
           39.5          10.00           0.021              0.000
           54.6           1.00           0.146              0.000
           54.6           1.78           0.099              0.000
           54.6           3.16           0.064              0.000
           54.6           5.62           0.040              0.000
           54.6          10.00           0.024              0.000
           75.5           1.00           0.160              0.000
           75.5           1.78           0.110              0.000
           75.5           3.16           0.072              0.000
           75.5           5.62           0.045              0.000
           75.5          10.00           0.027              0.000
 DT_SIGEMU:    Combined cross sections
               -----------------------

 E_cm =      7.8 GeV  Q^2 =   1.0 GeV^2 :

 total                                    0.1014 +-    0.00000 mb
 elastic                                  0.0000 +-    0.00000 mb
 quasi-elastic (A+B-->A+X)                0.0000 +-    0.00000 mb
 quasi-elastic (A+B-->X+B)                0.0000 +-    0.00000 mb
 quasi-elastic (A+B-->X, excl. 2-4)       0.0000 +-    0.00000 mb
 production                               0.0000 +-    0.00000 mb
 diff-el                                  0.0000 +-    0.00000 mb
 diff-qel                                 0.0000 +-    0.00000 mb

 E_cm =      7.8 GeV  Q^2 =   1.8 GeV^2 :

 total                                    0.0662 +-    0.00000 mb
 elastic                                  0.0000 +-    0.00000 mb
 quasi-elastic (A+B-->A+X)                0.0000 +-    0.00000 mb
 quasi-elastic (A+B-->X+B)                0.0000 +-    0.00000 mb
 quasi-elastic (A+B-->X, excl. 2-4)       0.0000 +-    0.00000 mb
 production                               0.0000 +-    0.00000 mb
 diff-el                                  0.0000 +-    0.00000 mb
 diff-qel                                 0.0000 +-    0.00000 mb

 E_cm =      7.8 GeV  Q^2 =   3.2 GeV^2 :

 total                                    0.0411 +-    0.00000 mb
 elastic                                  0.0000 +-    0.00000 mb
 quasi-elastic (A+B-->A+X)                0.0000 +-    0.00000 mb
 quasi-elastic (A+B-->X+B)                0.0000 +-    0.00000 mb
 quasi-elastic (A+B-->X, excl. 2-4)       0.0000 +-    0.00000 mb
 production                               0.0000 +-    0.00000 mb
 diff-el                                  0.0000 +-    0.00000 mb
 diff-qel                                 0.0000 +-    0.00000 mb

 E_cm =      7.8 GeV  Q^2 =   5.6 GeV^2 :

 total                                    0.0247 +-    0.00000 mb
 elastic                                  0.0000 +-    0.00000 mb
 quasi-elastic (A+B-->A+X)                0.0000 +-    0.00000 mb
 quasi-elastic (A+B-->X+B)                0.0000 +-    0.00000 mb
 quasi-elastic (A+B-->X, excl. 2-4)       0.0000 +-    0.00000 mb
 production                               0.0000 +-    0.00000 mb
 diff-el                                  0.0000 +-    0.00000 mb
 diff-qel                                 0.0000 +-    0.00000 mb

 E_cm =      7.8 GeV  Q^2 =  10.0 GeV^2 :

 total                                    0.0143 +-    0.00000 mb
 elastic                                  0.0000 +-    0.00000 mb
 quasi-elastic (A+B-->A+X)                0.0000 +-    0.00000 mb
 quasi-elastic (A+B-->X+B)                0.0000 +-    0.00000 mb
 quasi-elastic (A+B-->X, excl. 2-4)       0.0000 +-    0.00000 mb
 production                               0.0000 +-    0.00000 mb
 diff-el                                  0.0000 +-    0.00000 mb
 diff-qel                                 0.0000 +-    0.00000 mb

 E_cm =     10.8 GeV  Q^2 =   1.0 GeV^2 :

 total                                    0.1023 +-    0.00000 mb
 elastic                                  0.0000 +-    0.00000 mb
 quasi-elastic (A+B-->A+X)                0.0000 +-    0.00000 mb
 quasi-elastic (A+B-->X+B)                0.0000 +-    0.00000 mb
 quasi-elastic (A+B-->X, excl. 2-4)       0.0000 +-    0.00000 mb
 production                               0.0000 +-    0.00000 mb
 diff-el                                  0.0000 +-    0.00000 mb
 diff-qel                                 0.0000 +-    0.00000 mb

 E_cm =     10.8 GeV  Q^2 =   1.8 GeV^2 :

 total                                    0.0666 +-    0.00000 mb
 elastic                                  0.0000 +-    0.00000 mb
 quasi-elastic (A+B-->A+X)                0.0000 +-    0.00000 mb
 quasi-elastic (A+B-->X+B)                0.0000 +-    0.00000 mb
 quasi-elastic (A+B-->X, excl. 2-4)       0.0000 +-    0.00000 mb
 production                               0.0000 +-    0.00000 mb
 diff-el                                  0.0000 +-    0.00000 mb
 diff-qel                                 0.0000 +-    0.00000 mb

 E_cm =     10.8 GeV  Q^2 =   3.2 GeV^2 :

 total                                    0.0412 +-    0.00000 mb
 elastic                                  0.0000 +-    0.00000 mb
 quasi-elastic (A+B-->A+X)                0.0000 +-    0.00000 mb
 quasi-elastic (A+B-->X+B)                0.0000 +-    0.00000 mb
 quasi-elastic (A+B-->X, excl. 2-4)       0.0000 +-    0.00000 mb
 production                               0.0000 +-    0.00000 mb
 diff-el                                  0.0000 +-    0.00000 mb
 diff-qel                                 0.0000 +-    0.00000 mb

 E_cm =     10.8 GeV  Q^2 =   5.6 GeV^2 :

 total                                    0.0246 +-    0.00000 mb
 elastic                                  0.0000 +-    0.00000 mb
 quasi-elastic (A+B-->A+X)                0.0000 +-    0.00000 mb
 quasi-elastic (A+B-->X+B)                0.0000 +-    0.00000 mb
 quasi-elastic (A+B-->X, excl. 2-4)       0.0000 +-    0.00000 mb
 production                               0.0000 +-    0.00000 mb
 diff-el                                  0.0000 +-    0.00000 mb
 diff-qel                                 0.0000 +-    0.00000 mb

 E_cm =     10.8 GeV  Q^2 =  10.0 GeV^2 :

 total                                    0.0143 +-    0.00000 mb
 elastic                                  0.0000 +-    0.00000 mb
 quasi-elastic (A+B-->A+X)                0.0000 +-    0.00000 mb
 quasi-elastic (A+B-->X+B)                0.0000 +-    0.00000 mb
 quasi-elastic (A+B-->X, excl. 2-4)       0.0000 +-    0.00000 mb
 production                               0.0000 +-    0.00000 mb
 diff-el                                  0.0000 +-    0.00000 mb
 diff-qel                                 0.0000 +-    0.00000 mb

 E_cm =     14.9 GeV  Q^2 =   1.0 GeV^2 :

 total                                    0.1065 +-    0.00000 mb
 elastic                                  0.0000 +-    0.00000 mb
 quasi-elastic (A+B-->A+X)                0.0000 +-    0.00000 mb
 quasi-elastic (A+B-->X+B)                0.0000 +-    0.00000 mb
 quasi-elastic (A+B-->X, excl. 2-4)       0.0000 +-    0.00000 mb
 production                               0.0000 +-    0.00000 mb
 diff-el                                  0.0000 +-    0.00000 mb
 diff-qel                                 0.0000 +-    0.00000 mb

 E_cm =     14.9 GeV  Q^2 =   1.8 GeV^2 :

 total                                    0.0696 +-    0.00000 mb
 elastic                                  0.0000 +-    0.00000 mb
 quasi-elastic (A+B-->A+X)                0.0000 +-    0.00000 mb
 quasi-elastic (A+B-->X+B)                0.0000 +-    0.00000 mb
 quasi-elastic (A+B-->X, excl. 2-4)       0.0000 +-    0.00000 mb
 production                               0.0000 +-    0.00000 mb
 diff-el                                  0.0000 +-    0.00000 mb
 diff-qel                                 0.0000 +-    0.00000 mb

 E_cm =     14.9 GeV  Q^2 =   3.2 GeV^2 :

 total                                    0.0431 +-    0.00000 mb
 elastic                                  0.0000 +-    0.00000 mb
 quasi-elastic (A+B-->A+X)                0.0000 +-    0.00000 mb
 quasi-elastic (A+B-->X+B)                0.0000 +-    0.00000 mb
 quasi-elastic (A+B-->X, excl. 2-4)       0.0000 +-    0.00000 mb
 production                               0.0000 +-    0.00000 mb
 diff-el                                  0.0000 +-    0.00000 mb
 diff-qel                                 0.0000 +-    0.00000 mb

 E_cm =     14.9 GeV  Q^2 =   5.6 GeV^2 :

 total                                    0.0257 +-    0.00000 mb
 elastic                                  0.0000 +-    0.00000 mb
 quasi-elastic (A+B-->A+X)                0.0000 +-    0.00000 mb
 quasi-elastic (A+B-->X+B)                0.0000 +-    0.00000 mb
 quasi-elastic (A+B-->X, excl. 2-4)       0.0000 +-    0.00000 mb
 production                               0.0000 +-    0.00000 mb
 diff-el                                  0.0000 +-    0.00000 mb
 diff-qel                                 0.0000 +-    0.00000 mb

 E_cm =     14.9 GeV  Q^2 =  10.0 GeV^2 :

 total                                    0.0149 +-    0.00000 mb
 elastic                                  0.0000 +-    0.00000 mb
 quasi-elastic (A+B-->A+X)                0.0000 +-    0.00000 mb
 quasi-elastic (A+B-->X+B)                0.0000 +-    0.00000 mb
 quasi-elastic (A+B-->X, excl. 2-4)       0.0000 +-    0.00000 mb
 production                               0.0000 +-    0.00000 mb
 diff-el                                  0.0000 +-    0.00000 mb
 diff-qel                                 0.0000 +-    0.00000 mb

 E_cm =     20.6 GeV  Q^2 =   1.0 GeV^2 :

 total                                    0.1133 +-    0.00000 mb
 elastic                                  0.0000 +-    0.00000 mb
 quasi-elastic (A+B-->A+X)                0.0000 +-    0.00000 mb
 quasi-elastic (A+B-->X+B)                0.0000 +-    0.00000 mb
 quasi-elastic (A+B-->X, excl. 2-4)       0.0000 +-    0.00000 mb
 production                               0.0000 +-    0.00000 mb
 diff-el                                  0.0000 +-    0.00000 mb
 diff-qel                                 0.0000 +-    0.00000 mb

 E_cm =     20.6 GeV  Q^2 =   1.8 GeV^2 :

 total                                    0.0747 +-    0.00000 mb
 elastic                                  0.0000 +-    0.00000 mb
 quasi-elastic (A+B-->A+X)                0.0000 +-    0.00000 mb
 quasi-elastic (A+B-->X+B)                0.0000 +-    0.00000 mb
 quasi-elastic (A+B-->X, excl. 2-4)       0.0000 +-    0.00000 mb
 production                               0.0000 +-    0.00000 mb
 diff-el                                  0.0000 +-    0.00000 mb
 diff-qel                                 0.0000 +-    0.00000 mb

 E_cm =     20.6 GeV  Q^2 =   3.2 GeV^2 :

 total                                    0.0466 +-    0.00000 mb
 elastic                                  0.0000 +-    0.00000 mb
 quasi-elastic (A+B-->A+X)                0.0000 +-    0.00000 mb
 quasi-elastic (A+B-->X+B)                0.0000 +-    0.00000 mb
 quasi-elastic (A+B-->X, excl. 2-4)       0.0000 +-    0.00000 mb
 production                               0.0000 +-    0.00000 mb
 diff-el                                  0.0000 +-    0.00000 mb
 diff-qel                                 0.0000 +-    0.00000 mb

 E_cm =     20.6 GeV  Q^2 =   5.6 GeV^2 :

 total                                    0.0279 +-    0.00000 mb
 elastic                                  0.0000 +-    0.00000 mb
 quasi-elastic (A+B-->A+X)                0.0000 +-    0.00000 mb
 quasi-elastic (A+B-->X+B)                0.0000 +-    0.00000 mb
 quasi-elastic (A+B-->X, excl. 2-4)       0.0000 +-    0.00000 mb
 production                               0.0000 +-    0.00000 mb
 diff-el                                  0.0000 +-    0.00000 mb
 diff-qel                                 0.0000 +-    0.00000 mb

 E_cm =     20.6 GeV  Q^2 =  10.0 GeV^2 :

 total                                    0.0161 +-    0.00000 mb
 elastic                                  0.0000 +-    0.00000 mb
 quasi-elastic (A+B-->A+X)                0.0000 +-    0.00000 mb
 quasi-elastic (A+B-->X+B)                0.0000 +-    0.00000 mb
 quasi-elastic (A+B-->X, excl. 2-4)       0.0000 +-    0.00000 mb
 production                               0.0000 +-    0.00000 mb
 diff-el                                  0.0000 +-    0.00000 mb
 diff-qel                                 0.0000 +-    0.00000 mb

 E_cm =     28.5 GeV  Q^2 =   1.0 GeV^2 :

 total                                    0.1224 +-    0.00000 mb
 elastic                                  0.0000 +-    0.00000 mb
 quasi-elastic (A+B-->A+X)                0.0000 +-    0.00000 mb
 quasi-elastic (A+B-->X+B)                0.0000 +-    0.00000 mb
 quasi-elastic (A+B-->X, excl. 2-4)       0.0000 +-    0.00000 mb
 production                               0.0000 +-    0.00000 mb
 diff-el                                  0.0000 +-    0.00000 mb
 diff-qel                                 0.0000 +-    0.00000 mb

 E_cm =     28.5 GeV  Q^2 =   1.8 GeV^2 :

 total                                    0.0815 +-    0.00000 mb
 elastic                                  0.0000 +-    0.00000 mb
 quasi-elastic (A+B-->A+X)                0.0000 +-    0.00000 mb
 quasi-elastic (A+B-->X+B)                0.0000 +-    0.00000 mb
 quasi-elastic (A+B-->X, excl. 2-4)       0.0000 +-    0.00000 mb
 production                               0.0000 +-    0.00000 mb
 diff-el                                  0.0000 +-    0.00000 mb
 diff-qel                                 0.0000 +-    0.00000 mb

 E_cm =     28.5 GeV  Q^2 =   3.2 GeV^2 :

 total                                    0.0514 +-    0.00000 mb
 elastic                                  0.0000 +-    0.00000 mb
 quasi-elastic (A+B-->A+X)                0.0000 +-    0.00000 mb
 quasi-elastic (A+B-->X+B)                0.0000 +-    0.00000 mb
 quasi-elastic (A+B-->X, excl. 2-4)       0.0000 +-    0.00000 mb
 production                               0.0000 +-    0.00000 mb
 diff-el                                  0.0000 +-    0.00000 mb
 diff-qel                                 0.0000 +-    0.00000 mb

 E_cm =     28.5 GeV  Q^2 =   5.6 GeV^2 :

 total                                    0.0310 +-    0.00000 mb
 elastic                                  0.0000 +-    0.00000 mb
 quasi-elastic (A+B-->A+X)                0.0000 +-    0.00000 mb
 quasi-elastic (A+B-->X+B)                0.0000 +-    0.00000 mb
 quasi-elastic (A+B-->X, excl. 2-4)       0.0000 +-    0.00000 mb
 production                               0.0000 +-    0.00000 mb
 diff-el                                  0.0000 +-    0.00000 mb
 diff-qel                                 0.0000 +-    0.00000 mb

 E_cm =     28.5 GeV  Q^2 =  10.0 GeV^2 :

 total                                    0.0180 +-    0.00000 mb
 elastic                                  0.0000 +-    0.00000 mb
 quasi-elastic (A+B-->A+X)                0.0000 +-    0.00000 mb
 quasi-elastic (A+B-->X+B)                0.0000 +-    0.00000 mb
 quasi-elastic (A+B-->X, excl. 2-4)       0.0000 +-    0.00000 mb
 production                               0.0000 +-    0.00000 mb
 diff-el                                  0.0000 +-    0.00000 mb
 diff-qel                                 0.0000 +-    0.00000 mb

 E_cm =     39.5 GeV  Q^2 =   1.0 GeV^2 :

 total                                    0.1332 +-    0.00000 mb
 elastic                                  0.0000 +-    0.00000 mb
 quasi-elastic (A+B-->A+X)                0.0000 +-    0.00000 mb
 quasi-elastic (A+B-->X+B)                0.0000 +-    0.00000 mb
 quasi-elastic (A+B-->X, excl. 2-4)       0.0000 +-    0.00000 mb
 production                               0.0000 +-    0.00000 mb
 diff-el                                  0.0000 +-    0.00000 mb
 diff-qel                                 0.0000 +-    0.00000 mb

 E_cm =     39.5 GeV  Q^2 =   1.8 GeV^2 :

 total                                    0.0897 +-    0.00000 mb
 elastic                                  0.0000 +-    0.00000 mb
 quasi-elastic (A+B-->A+X)                0.0000 +-    0.00000 mb
 quasi-elastic (A+B-->X+B)                0.0000 +-    0.00000 mb
 quasi-elastic (A+B-->X, excl. 2-4)       0.0000 +-    0.00000 mb
 production                               0.0000 +-    0.00000 mb
 diff-el                                  0.0000 +-    0.00000 mb
 diff-qel                                 0.0000 +-    0.00000 mb

 E_cm =     39.5 GeV  Q^2 =   3.2 GeV^2 :

 total                                    0.0573 +-    0.00000 mb
 elastic                                  0.0000 +-    0.00000 mb
 quasi-elastic (A+B-->A+X)                0.0000 +-    0.00000 mb
 quasi-elastic (A+B-->X+B)                0.0000 +-    0.00000 mb
 quasi-elastic (A+B-->X, excl. 2-4)       0.0000 +-    0.00000 mb
 production                               0.0000 +-    0.00000 mb
 diff-el                                  0.0000 +-    0.00000 mb
 diff-qel                                 0.0000 +-    0.00000 mb

 E_cm =     39.5 GeV  Q^2 =   5.6 GeV^2 :

 total                                    0.0350 +-    0.00000 mb
 elastic                                  0.0000 +-    0.00000 mb
 quasi-elastic (A+B-->A+X)                0.0000 +-    0.00000 mb
 quasi-elastic (A+B-->X+B)                0.0000 +-    0.00000 mb
 quasi-elastic (A+B-->X, excl. 2-4)       0.0000 +-    0.00000 mb
 production                               0.0000 +-    0.00000 mb
 diff-el                                  0.0000 +-    0.00000 mb
 diff-qel                                 0.0000 +-    0.00000 mb

 E_cm =     39.5 GeV  Q^2 =  10.0 GeV^2 :

 total                                    0.0206 +-    0.00000 mb
 elastic                                  0.0000 +-    0.00000 mb
 quasi-elastic (A+B-->A+X)                0.0000 +-    0.00000 mb
 quasi-elastic (A+B-->X+B)                0.0000 +-    0.00000 mb
 quasi-elastic (A+B-->X, excl. 2-4)       0.0000 +-    0.00000 mb
 production                               0.0000 +-    0.00000 mb
 diff-el                                  0.0000 +-    0.00000 mb
 diff-qel                                 0.0000 +-    0.00000 mb

 E_cm =     54.6 GeV  Q^2 =   1.0 GeV^2 :

 total                                    0.1458 +-    0.00000 mb
 elastic                                  0.0000 +-    0.00000 mb
 quasi-elastic (A+B-->A+X)                0.0000 +-    0.00000 mb
 quasi-elastic (A+B-->X+B)                0.0000 +-    0.00000 mb
 quasi-elastic (A+B-->X, excl. 2-4)       0.0000 +-    0.00000 mb
 production                               0.0000 +-    0.00000 mb
 diff-el                                  0.0000 +-    0.00000 mb
 diff-qel                                 0.0000 +-    0.00000 mb

 E_cm =     54.6 GeV  Q^2 =   1.8 GeV^2 :

 total                                    0.0992 +-    0.00000 mb
 elastic                                  0.0000 +-    0.00000 mb
 quasi-elastic (A+B-->A+X)                0.0000 +-    0.00000 mb
 quasi-elastic (A+B-->X+B)                0.0000 +-    0.00000 mb
 quasi-elastic (A+B-->X, excl. 2-4)       0.0000 +-    0.00000 mb
 production                               0.0000 +-    0.00000 mb
 diff-el                                  0.0000 +-    0.00000 mb
 diff-qel                                 0.0000 +-    0.00000 mb

 E_cm =     54.6 GeV  Q^2 =   3.2 GeV^2 :

 total                                    0.0642 +-    0.00000 mb
 elastic                                  0.0000 +-    0.00000 mb
 quasi-elastic (A+B-->A+X)                0.0000 +-    0.00000 mb
 quasi-elastic (A+B-->X+B)                0.0000 +-    0.00000 mb
 quasi-elastic (A+B-->X, excl. 2-4)       0.0000 +-    0.00000 mb
 production                               0.0000 +-    0.00000 mb
 diff-el                                  0.0000 +-    0.00000 mb
 diff-qel                                 0.0000 +-    0.00000 mb

 E_cm =     54.6 GeV  Q^2 =   5.6 GeV^2 :

 total                                    0.0397 +-    0.00000 mb
 elastic                                  0.0000 +-    0.00000 mb
 quasi-elastic (A+B-->A+X)                0.0000 +-    0.00000 mb
 quasi-elastic (A+B-->X+B)                0.0000 +-    0.00000 mb
 quasi-elastic (A+B-->X, excl. 2-4)       0.0000 +-    0.00000 mb
 production                               0.0000 +-    0.00000 mb
 diff-el                                  0.0000 +-    0.00000 mb
 diff-qel                                 0.0000 +-    0.00000 mb

 E_cm =     54.6 GeV  Q^2 =  10.0 GeV^2 :

 total                                    0.0236 +-    0.00000 mb
 elastic                                  0.0000 +-    0.00000 mb
 quasi-elastic (A+B-->A+X)                0.0000 +-    0.00000 mb
 quasi-elastic (A+B-->X+B)                0.0000 +-    0.00000 mb
 quasi-elastic (A+B-->X, excl. 2-4)       0.0000 +-    0.00000 mb
 production                               0.0000 +-    0.00000 mb
 diff-el                                  0.0000 +-    0.00000 mb
 diff-qel                                 0.0000 +-    0.00000 mb

 E_cm =     75.5 GeV  Q^2 =   1.0 GeV^2 :

 total                                    0.1599 +-    0.00000 mb
 elastic                                  0.0000 +-    0.00000 mb
 quasi-elastic (A+B-->A+X)                0.0000 +-    0.00000 mb
 quasi-elastic (A+B-->X+B)                0.0000 +-    0.00000 mb
 quasi-elastic (A+B-->X, excl. 2-4)       0.0000 +-    0.00000 mb
 production                               0.0000 +-    0.00000 mb
 diff-el                                  0.0000 +-    0.00000 mb
 diff-qel                                 0.0000 +-    0.00000 mb

 E_cm =     75.5 GeV  Q^2 =   1.8 GeV^2 :

 total                                    0.1101 +-    0.00000 mb
 elastic                                  0.0000 +-    0.00000 mb
 quasi-elastic (A+B-->A+X)                0.0000 +-    0.00000 mb
 quasi-elastic (A+B-->X+B)                0.0000 +-    0.00000 mb
 quasi-elastic (A+B-->X, excl. 2-4)       0.0000 +-    0.00000 mb
 production                               0.0000 +-    0.00000 mb
 diff-el                                  0.0000 +-    0.00000 mb
 diff-qel                                 0.0000 +-    0.00000 mb

 E_cm =     75.5 GeV  Q^2 =   3.2 GeV^2 :

 total                                    0.0722 +-    0.00000 mb
 elastic                                  0.0000 +-    0.00000 mb
 quasi-elastic (A+B-->A+X)                0.0000 +-    0.00000 mb
 quasi-elastic (A+B-->X+B)                0.0000 +-    0.00000 mb
 quasi-elastic (A+B-->X, excl. 2-4)       0.0000 +-    0.00000 mb
 production                               0.0000 +-    0.00000 mb
 diff-el                                  0.0000 +-    0.00000 mb
 diff-qel                                 0.0000 +-    0.00000 mb

 E_cm =     75.5 GeV  Q^2 =   5.6 GeV^2 :

 total                                    0.0453 +-    0.00000 mb
 elastic                                  0.0000 +-    0.00000 mb
 quasi-elastic (A+B-->A+X)                0.0000 +-    0.00000 mb
 quasi-elastic (A+B-->X+B)                0.0000 +-    0.00000 mb
 quasi-elastic (A+B-->X, excl. 2-4)       0.0000 +-    0.00000 mb
 production                               0.0000 +-    0.00000 mb
 diff-el                                  0.0000 +-    0.00000 mb
 diff-qel                                 0.0000 +-    0.00000 mb

 E_cm =     75.5 GeV  Q^2 =  10.0 GeV^2 :

 total                                    0.0273 +-    0.00000 mb
 elastic                                  0.0000 +-    0.00000 mb
 quasi-elastic (A+B-->A+X)                0.0000 +-    0.00000 mb
 quasi-elastic (A+B-->X+B)                0.0000 +-    0.00000 mb
 quasi-elastic (A+B-->X, excl. 2-4)       0.0000 +-    0.00000 mb
 production                               0.0000 +-    0.00000 mb
 diff-el                                  0.0000 +-    0.00000 mb
 diff-qel                                 0.0000 +-    0.00000 mb
         Sigma_tot (max) =   0.160 mb
  
 DT_LAEVT: Initializing event loop
 Determining Pythia/Rapgap subevent type (ep vs en)
  
 DT_LAEVT: ITMODE=0 (Default) selected.
 Sequential Mode:       333520  en sub-collisions.
     followed by:       666480  ep sub-collisions.
  for a total of:      1000000  sub-collisions.


 NCLPOT:    quantities for inclusion of nuclear effects
            -------------------------------------------

                                      projectile      target

 Mass number / charge                   1 /  1        3 /  2
 Binding energy  - proton   (GeV)     0.0000E+00    0.5493E-02
                 - neutron  (GeV)     0.0000E+00    0.7718E-02
 Fermi-potential - proton   (GeV)     0.0000E+00    0.2469E-01
                 - neutron  (GeV)     0.0000E+00    0.1561E-01

 Scale factor for Fermi-momentum    0.62

 Coulomb-energy     0.0000E+00 GeV      0.9141E-03 GeV  



 FER4M:   sampling of Fermi-momenta activated
 SCLFAC: 3A/(4piR^3)=  0.69513397541106925      nucleons/fm^3
 SCLFAC: A=           3  Nuclear density at origin:   0.17020668058376262      nucleons/fm^3

 Advisory warning: maximum violated by  1.045D+00 in event      12
 XSEC(96,1) increased to  9.117D-03

 Advisory warning: maximum violated by  1.354D+00 in event     911
 XSEC(96,1) increased to  1.235D-02
    99999 events sampled
      100000  events output done
   199999 events sampled
      200000  events output done

 Advisory warning: maximum violated by  1.238D+00 in event    6526
 XSEC(96,1) increased to  1.528D-02
   299999 events sampled
      300000  events output done
 ===================================================
 FROM PYTHIA (1st half: en collisions):
 Pythia total cross section normalisation:  0.41317592751894444       microbarn
 Total Number of generated events pythia      333520
 ===================================================
 Actual totals from BeAGLE so far:
 Total Number of generated events      333520
 Total Number of trials      333520
 ===================================================

 ===== PDFSTA statistics for PDF under/over-flows ====

 ====== STRUCTM statistics for nucleon/pion PDFs =====

   total # of calls    5800728.0000000000     
   X  below PDF min    0.0000000000000000       or    0.0000000000000000       %
   X  above PDF max    0.0000000000000000       or    0.0000000000000000       %
   Q2 below PDF min    162004.00000000000       or    2.7928218664967570       %
   Q2 above PDF max    0.0000000000000000       or    0.0000000000000000       %

 ========= STRUCTP statistics for photon PDFs ========

   total # of calls    0.0000000000000000     

1****************** PYINIT: initialization of PYTHIA routines *****************
 ==== PYTHIA WILL USE LHAPDF ====
 Strong coupling at Mz for PDF is:  0.12978

 ==============================================================================
 I                                                                            I
 I      PYTHIA will be initialized for gamma/e- on p+ user configuration      I
 I                                                                            I
 I                  px (GeV/c)   py (GeV/c)   pz (GeV/c)      E (GeV)         I
 I        gamma/e-       0.000        0.000       -9.000        9.000         I
 I        p+             0.000        0.000      166.379      166.382         I
 I                                                                            I
 I           corresponding to     77.399 GeV center-of-mass energy            I
 I                                                                            I
 ==============================================================================

 ******** PYMAXI: summary of differential cross-section maximum search ********

           ==========================================================
           I                                      I                 I
           I  ISUB  Subprocess name               I  Maximum value  I
           I                                      I                 I
           ==========================================================
           I                                      I                 I
           I   91   Elastic scattering            I    2.8047D-04   I
           I   92   Single diffractive (XB)       I    2.1267D-04   I
           I   93   Single diffractive (AX)       I    1.7385D-04   I
           I   94   Double  diffractive           I    1.6537D-04   I
           I   95   Low-pT scattering             I    1.2747D-03   I
           I   96   Semihard QCD 2 -> 2           I    1.2116D-02   I
           I                                      I                 I
           ==========================================================

 ******** PYMAXI: summary of differential cross-section maximum search ********

           ==========================================================
           I                                      I                 I
           I  ISUB  Subprocess name               I  Maximum value  I
           I                                      I                 I
           ==========================================================
           I                                      I                 I
           I  131   f + gamma*_T -> f + g         I    1.1931D-04   I
           I  132   f + gamma*_L -> f + g         I    6.3033D-06   I
           I  135   g + gamma*_T -> f + fbar      I    4.8316D-04   I
           I  136   g + gamma*_L -> f + fbar      I    8.5431D-05   I
           I                                      I                 I
           ==========================================================

 ******** PYMAXI: summary of differential cross-section maximum search ********

           ==========================================================
           I                                      I                 I
           I  ISUB  Subprocess name               I  Maximum value  I
           I                                      I                 I
           ==========================================================
           I                                      I                 I
           I   91   Elastic scattering            I    1.2937D-05   I
           I   92   Single diffractive (XB)       I    1.0007D-05   I
           I   93   Single diffractive (AX)       I    7.9490D-06   I
           I   94   Double  diffractive           I    7.7271D-06   I
           I   95   Low-pT scattering             I    6.3183D-05   I
           I   96   Semihard QCD 2 -> 2           I    8.7187D-03   I
           I                                      I                 I
           ==========================================================

 ******** PYMAXI: summary of differential cross-section maximum search ********

           ==========================================================
           I                                      I                 I
           I  ISUB  Subprocess name               I  Maximum value  I
           I                                      I                 I
           ==========================================================
           I                                      I                 I
           I   99   q + gamma* -> q               I    1.7393D-03   I
           I                                      I                 I
           ==========================================================

 ********************** PYINIT: initialization completed **********************

 Advisory warning: maximum violated by  1.104D+00 in event      52
 XSEC(96,1) increased to  9.627D-03

 Advisory warning: maximum violated by  1.105D+00 in event     182
 XSEC(96,1) increased to  1.064D-02
   399999 events sampled
      400000  events output done

 Advisory warning: maximum violated by  1.012D+00 in event    2980
 XSEC(96,1) increased to  1.077D-02

 Advisory warning: maximum violated by  1.440D+00 in event    3401
 XSEC(96,1) increased to  1.550D-02
   499999 events sampled
      500000  events output done

 Advisory warning: maximum violated by  1.003D+00 in event   38964
 XSEC(96,1) increased to  1.215D-02
   599999 events sampled
      600000  events output done
   699999 events sampled
      700000  events output done

 Advisory warning: maximum violated by  1.257D+00 in event    8252
 XSEC(96,1) increased to  1.948D-02
   799999 events sampled
      800000  events output done
   899999 events sampled
      900000  events output done
   999999 events sampled
     1000000  events output done
1********* PYSTAT:  Statistics on Number of Events and Cross-sections *********

 ==============================================================================
 I                                  I                            I            I
 I            Subprocess            I      Number of points      I    Sigma   I
 I                                  I                            I            I
 I----------------------------------I----------------------------I    (mb)    I
 I                                  I                            I            I
 I N:o Type                         I    Generated         Tried I            I
 I                                  I                            I            I
 ==============================================================================
 I                                  I                            I            I
 I   0 All included subprocesses    I       666480      11080866 I  4.252D-04 I
 I  11 f + f' -> f + f' (QCD)       I        11936             0 I  5.791D-06 I
 I  12 f + fbar -> f' + fbar'       I          215             0 I  1.019D-07 I
 I  13 f + fbar -> g + g            I          266             0 I  1.268D-07 I
 I  28 f + g -> f + g               I        34261             0 I  1.600D-05 I
 I  53 g + g -> f + fbar            I          496             0 I  2.127D-07 I
 I  68 g + g -> g + g               I        17749             0 I  7.587D-06 I
 I  91 Elastic scattering           I        37322        464316 I  2.354D-05 I
 I  92 Single diffractive (XB)      I        21069        351048 I  1.341D-05 I
 I  93 Single diffractive (AX)      I        17298        288151 I  1.096D-05 I
 I  94 Double  diffractive          I        11703        275177 I  7.340D-06 I
 I  95 Low-pT scattering            I         6983         78362 I  1.920D-05 I
 I  99 q + gamma* -> q              I       453041       2745817 I  2.866D-04 I
 I 131 f + gamma*_T -> f + g        I        15384        188180 I  9.694D-06 I
 I 132 f + gamma*_L -> f + g        I          819          9911 I  5.100D-07 I
 I 135 g + gamma*_T -> f + fbar     I        30852        763193 I  1.968D-05 I
 I 136 g + gamma*_L -> f + fbar     I         7086        134935 I  4.498D-06 I
 I                                  I                            I            I
 ==============================================================================
 I                                  I                            I            I
 I   1 VMD * hadron                 I       144983       5969069 I  9.458D-05 I
 I   2 direct * hadron              I        54141       1096219 I  3.438D-05 I
 I   3 anomalous * hadron           I        14315       1269761 I  9.698D-06 I
 I   4 DIS * hadron                 I       453041       2745817 I  2.866D-04 I
 I                                  I                            I            I
 ==============================================================================

 ********* Total number of errors, excluding junctions =        0 *************
 ********* Total number of errors, including junctions =        0 *************
 ********* Total number of warnings =                           0 *************
 ********* Fraction of events that fail fragmentation cuts =  0.00827 *********

1************ PYSTAT: User-Defined Limits on Kinematical Variables ************

 ==============================================================================
 I                                                                            I
 I                 0.000D+00 <  m_hard (GeV/c^2)  <  8.878D+00                I
 I    0.000D+00 ( 1.000D+00) <  p_T_hard (GeV/c)  <  4.439D+00                I
 I                             m_finite (GeV/c^2) =  1.000D+00                I
 I                -1.000D+01 <    y*_subsystem    <  1.000D+01                I
 I                -4.000D+01 <      y*_large      <  4.000D+01                I
 I                -4.000D+01 <      y*_small      <  4.000D+01                I
 I                -4.000D+01 <     eta*_large     <  4.000D+01                I
 I                -4.000D+01 <     eta*_small     <  4.000D+01                I
 I                -1.000D+00 < cos(theta*)_large  <  1.000D+00                I
 I                -1.000D+00 < cos(theta*)_small  <  1.000D+00                I
 I                 0.000D+00 <        x_1         <  1.000D+00                I
 I                 0.000D+00 <        x_2         <  1.000D+00                I
 I                -1.000D+00 <        x_F         <  1.000D+00                I
 I                -1.000D+00 <  cos(theta_hard)   <  1.000D+00                I
 I                 2.000D+00 < m'_hard (GeV/c^2)  <  8.878D+00                I
 I                                                                            I
 ==============================================================================
 The charm mass used is:    1.5000000000000000     
 ===================================================
 FROM PYTHIA (2nd half: ep collisions):
 Pythia total cross section normalisation:  0.42523182864068448       microbarn
 Total Number of generated events pythia      666480
 ===================================================
 Actual totals from BeAGLE:
 Total Number of generated events     1000000
 Total Number of trials     1000000
 ===================================================

 ===== PDFSTA statistics for PDF under/over-flows ====

 ====== STRUCTM statistics for nucleon/pion PDFs =====

   total # of calls    17377221.000000000     
   X  below PDF min    0.0000000000000000       or    0.0000000000000000       %
   X  above PDF max    0.0000000000000000       or    0.0000000000000000       %
   Q2 below PDF min    482620.00000000000       or    2.7773140480862848       %
   Q2 above PDF max    0.0000000000000000       or    0.0000000000000000       %

 ========= STRUCTP statistics for photon PDFs ========

   total # of calls    0.0000000000000000     


 HISTAT:              statistics - intranuclear cascade
                      ---------------------------------

 no. of events for normalization: (accepted final events, evt)    ******
                                  (events before evap.-step, evt1)     0
 no. of rejected events due to intranuclear cascade                    0

 no. of wounded nucl. in proj./ target (mean per evt)       0.00 /  0.00
 no. of particles unable to escape proj./ target (mean per evt)
        baryons:  pos.   0.000 /  0.040   neg.   0.000 /  0.000
        mesons:   pos.   0.000 /  0.000   neg.   0.000 /  0.000
 maximum no. of generations treated (maximum allowed:   0)
                                           (mean per evt)       0.00
 no. of sec. interactions in proj./ target (mean per evt1)  0.000 /  0.000
        out of which by inelastic interactions              0.000 /  0.000
                     by elastic interactions                0.000 /  0.000
                     by absorption (ap, K-, pi- only)       0.000 /  0.000


 HISTAT:              statistics - residual nuclei, evaporation
                      -----------------------------------------

 no. of events for normal.: (events handled by FICONF, evt)            0
                            (events passing the evap.-step, evt1)      0
 no. of rejected events     (   0,   0,   0)                           0


                      1) before evaporation-step:

 residual nuclei:  (mean values per evt)            proj. / target

        total number of particles                   0.000    0.000
        out of which: protons                       0.000    0.000
                      neutrons                      0.000    0.000
                      baryons                       0.000    0.000
                      pos. baryons                  0.000    0.000
        total charge                                0.000    0.000

        excitation energy (bef. evap.-step)     0.000E+00  0.000E+00
        excitation energy per nucleon           0.000E+00  0.000E+00


                      2) after  evaporation-step:

 Fission:             not requested
 Fermi-Break-up:      requested    
 Gamma-deexcitation:  requested    

 evaporation/deexcitation:  (mean values per evt1)  proj. / target

        total number of evap. particles             0.000    0.000
        out of which: protons                       0.000    0.000
                      neutrons                      0.000    0.000
                      deuterons                     0.000    0.000
                      3-H                           0.000    0.000
                      3-He                          0.000    0.000
                      4-He                          0.000    0.000
        nucl. deexcit. gammas                       0.000    0.000
        heavy fragments                             0.000    0.000


 HIMULT:                     particle - statistics
                             ---------------------

 fast/grey/black: EMU-def.

 particle    |            average multiplicity
             |     total         fast       grey     black    <pt>     f(1.7)
 ------------+---------------------------------------------------------------
 P          1|      2.046901     1.548942  0.06961  0.42834  0.23496  9.63773
 AP         2|      0.184558     0.159436  0.02400  0.00112  0.51163  0.02534
 E-         3|      1.006931     1.006931  0.00000  0.00000  1.35612  0.05234
 E+         4|      0.004968     0.004968  0.00000  0.00000  0.19186  0.00016
 NUE        5|      0.000098     0.000098  0.00000  0.00000  0.47876  0.00000
 ANUE       6|      0.000084     0.000084  0.00000  0.00000  0.46678  0.00000
 GAM        7|      0.757464     0.757464  0.00000  0.00000  0.27232  0.03894
 NEU        8|      0.646736     0.613256  0.03144  0.00204  0.39298  1.87039
 ANEU       9|      0.172029     0.149461  0.02152  0.00104  0.49596  0.02517
 MUE+      10|      0.000298     0.000289  0.00001  0.00000  0.31118  0.00001
 MUE-      11|      0.000305     0.000292  0.00001  0.00000  0.34021  0.00001
 K0L       12|      0.641961     0.572623  0.06419  0.00515  0.33484  0.04616
 PI+       13|      4.254569     3.876424  0.11688  0.26126  0.32450  0.33258
 PI-       14|      4.112999     3.747798  0.11339  0.25181  0.32436  0.30104
 K+        15|      0.434845     0.352029  0.03103  0.05179  0.41995  0.03903
 K-        16|      0.389040     0.310914  0.02917  0.04896  0.42065  0.03825
 LAM       17|      0.022018     0.019610  0.00218  0.00023  0.21627  0.00200
 ALAM      18|      0.008212     0.007315  0.00080  0.00009  0.21728  0.00082
 K0S       19|      0.371277     0.322994  0.04344  0.00484  0.20560  0.01821
 SIGM-     20|      0.002003     0.001773  0.00021  0.00002  0.22865  0.00019
 SIGM+     21|      0.002541     0.002257  0.00026  0.00002  0.21806  0.00033
 SIGM0     22|      0.002304     0.002055  0.00023  0.00002  0.22949  0.00032
 PI0       23|      1.970357     1.800668  0.15415  0.01554  0.20845  0.13191
 K0        24|      0.125963     0.110191  0.01421  0.00156  0.21154  0.01003
 AK0       25|      0.118235     0.103563  0.01313  0.00154  0.21084  0.00903
 BLANK     26|      5.769530     5.292239  0.17451  0.30278  0.51568  0.42809
 BLANK     27|     12.606102    11.159052  0.40183  1.04522  0.40000 10.45158
 BLANK     28|      0.000000     0.000000  0.00000  0.00000  0.00000  0.00000
 BLANK     29|      0.000000     0.000000  0.00000  0.00000  0.00000  0.00000
 BLANK     30|     17.803542    15.948833  0.77446  1.08025  0.36134 12.64736
 ETA550    31|      0.079819     0.069965  0.00889  0.00097  0.21644  0.00762
 RHO+77    32|      0.048418     0.042845  0.00504  0.00053  0.23244  0.00752
 RHO077    33|      0.069395     0.061057  0.00752  0.00082  0.22596  0.00870
 RHO-77    34|      0.046252     0.040856  0.00484  0.00055  0.23013  0.00693
 OM0783    35|      0.049158     0.043419  0.00520  0.00053  0.23100  0.00724
 K*+892    36|      0.016640     0.014738  0.00171  0.00019  0.23278  0.00259
 K*0892    37|      0.015239     0.013515  0.00154  0.00018  0.23386  0.00227
 K*-892    38|      0.015248     0.013394  0.00167  0.00018  0.23206  0.00236
 AK*089    39|      0.014523     0.012835  0.00152  0.00016  0.22917  0.00231
 KA+125    40|      0.000000     0.000000  0.00000  0.00000  0.00000  0.00000
 KA0125    41|      0.000000     0.000000  0.00000  0.00000  0.00000  0.00000
 KA-125    42|      0.000000     0.000000  0.00000  0.00000  0.00000  0.00000
 AKA012    43|      0.000000     0.000000  0.00000  0.00000  0.00000  0.00000
 K*+142    44|      0.000000     0.000000  0.00000  0.00000  0.00000  0.00000
 K*0142    45|      0.000000     0.000000  0.00000  0.00000  0.00000  0.00000
 K*-142    46|      0.000000     0.000000  0.00000  0.00000  0.00000  0.00000
 AK*014    47|      0.000000     0.000000  0.00000  0.00000  0.00000  0.00000
 S+1385    48|      0.001346     0.001216  0.00011  0.00002  0.22389  0.00018
 S01385    49|      0.001021     0.000902  0.00010  0.00002  0.21293  0.00012
 S-1385    50|      0.000724     0.000645  0.00007  0.00001  0.25165  0.00008
 L01820    51|      0.000000     0.000000  0.00000  0.00000  0.00000  0.00000
 L02030    52|      0.000000     0.000000  0.00000  0.00000  0.00000  0.00000
 N*++12    53|      0.012186     0.010780  0.00128  0.00013  0.22911  0.00143
 N*+ 12    54|      0.010037     0.008918  0.00101  0.00011  0.22863  0.00135
 N*012     55|      0.008117     0.007242  0.00078  0.00009  0.22638  0.00104
 N*-12     56|      0.005947     0.005304  0.00057  0.00007  0.23236  0.00076
 N*++16    57|      0.000000     0.000000  0.00000  0.00000  0.00000  0.00000
 N*+16     58|      0.000000     0.000000  0.00000  0.00000  0.00000  0.00000
 N*016     59|      0.000000     0.000000  0.00000  0.00000  0.00000  0.00000
 N*-16     60|      0.000000     0.000000  0.00000  0.00000  0.00000  0.00000
 N*+14     61|      0.000000     0.000000  0.00000  0.00000  0.00000  0.00000
 N*014     62|      0.000000     0.000000  0.00000  0.00000  0.00000  0.00000
 N*+15     63|      0.000000     0.000000  0.00000  0.00000  0.00000  0.00000
 N*015     64|      0.000000     0.000000  0.00000  0.00000  0.00000  0.00000
 N*+18     65|      0.000000     0.000000  0.00000  0.00000  0.00000  0.00000
 N*018     66|      0.000000     0.000000  0.00000  0.00000  0.00000  0.00000
 AN--12    67|      0.001630     0.001432  0.00018  0.00002  0.22824  0.00028
 AN*-12    68|      0.001573     0.001403  0.00015  0.00002  0.23625  0.00023
 AN*012    69|      0.001573     0.001400  0.00015  0.00002  0.24023  0.00029
 AN*+12    70|      0.001544     0.001374  0.00015  0.00002  0.22551  0.00028
 AN--16    71|      0.000000     0.000000  0.00000  0.00000  0.00000  0.00000
 AN*-16    72|      0.000000     0.000000  0.00000  0.00000  0.00000  0.00000
 AN*016    73|      0.000000     0.000000  0.00000  0.00000  0.00000  0.00000
 AN*+16    74|      0.000000     0.000000  0.00000  0.00000  0.00000  0.00000
 AN*-15    75|      0.000000     0.000000  0.00000  0.00000  0.00000  0.00000
 AN*015    76|      0.000000     0.000000  0.00000  0.00000  0.00000  0.00000
 DE*=24    77|      0.000000     0.000000  0.00000  0.00000  0.00000  0.00000
 RPI+49    78|      0.000000     0.000000  0.00000  0.00000  0.00000  0.00000
 RPI049    79|      0.000000     0.000000  0.00000  0.00000  0.00000  0.00000
 RPI-49    80|      0.000000     0.000000  0.00000  0.00000  0.00000  0.00000
 PIN++     81|      0.000000     0.000000  0.00000  0.00000  0.00000  0.00000
 PIN+0     82|      0.000000     0.000000  0.00000  0.00000  0.00000  0.00000
 PIN+-     83|      0.000000     0.000000  0.00000  0.00000  0.00000  0.00000
 PIN-0     84|      0.000000     0.000000  0.00000  0.00000  0.00000  0.00000
 PPPI      85|      0.000000     0.000000  0.00000  0.00000  0.00000  0.00000
 PNPI      86|      0.000000     0.000000  0.00000  0.00000  0.00000  0.00000
 APPPI     87|      0.000000     0.000000  0.00000  0.00000  0.00000  0.00000
 APNPI     88|      0.000000     0.000000  0.00000  0.00000  0.00000  0.00000
 K+PPI     89|      0.000000     0.000000  0.00000  0.00000  0.00000  0.00000
 K-PPI     90|      0.000000     0.000000  0.00000  0.00000  0.00000  0.00000
 K+NPI     91|      0.000000     0.000000  0.00000  0.00000  0.00000  0.00000
 K-NPI     92|      0.000000     0.000000  0.00000  0.00000  0.00000  0.00000
 S+1820    93|      0.000000     0.000000  0.00000  0.00000  0.00000  0.00000
 S-2030    94|      0.000000     0.000000  0.00000  0.00000  0.00000  0.00000
 ETA*      95|      0.008702     0.007716  0.00089  0.00009  0.23756  0.00130
 PHI       96|      0.004232     0.003748  0.00044  0.00004  0.23870  0.00064
 TETA0     97|      0.000491     0.000439  0.00004  0.00001  0.21331  0.00005
 TETA-     98|      0.000552     0.000498  0.00005  0.00000  0.22668  0.00004
 ASIG-     99|      0.001445     0.001282  0.00015  0.00001  0.21952  0.00016
 ASIG0    100|      0.001493     0.001329  0.00015  0.00002  0.22790  0.00020
 ASIG+    101|      0.001306     0.001169  0.00012  0.00002  0.22652  0.00016
 ATETA0   102|      0.000621     0.000561  0.00006  0.00001  0.20966  0.00005
 ATETA+   103|      0.000643     0.000572  0.00007  0.00001  0.22047  0.00009
 SIG*+    104|      0.000000     0.000000  0.00000  0.00000  0.00000  0.00000
 SIG*0    105|      0.000000     0.000000  0.00000  0.00000  0.00000  0.00000
 SIG*-    106|      0.000000     0.000000  0.00000  0.00000  0.00000  0.00000
 TETA*0   107|      0.000036     0.000033  0.00000  0.00000  0.23595  0.00000
 TETA*    108|      0.000044     0.000036  0.00001  0.00000  0.23948  0.00001
 OMEGA-   109|      0.000008     0.000008  0.00000  0.00000  0.32133  0.00000
 ASIG*-   110|      0.000271     0.000237  0.00003  0.00000  0.25670  0.00006
 ASIG*0   111|      0.000291     0.000254  0.00004  0.00000  0.22886  0.00006
 ASIG*+   112|      0.000285     0.000253  0.00003  0.00001  0.23036  0.00004
 ATET*0   113|      0.000042     0.000035  0.00001  0.00000  0.25317  0.00001
 ATET*+   114|      0.000042     0.000036  0.00001  0.00000  0.19899  0.00000
 OMEGA+   115|      0.000003     0.000003  0.00000  0.00000  0.14000  0.00000
 DEUTERON 116|      0.024881     0.022478  0.00214  0.00026  0.20806  0.00183
 3-H      117|      0.006466     0.005841  0.00057  0.00006  0.20852  0.00044
 3-HE     118|      0.005030     0.004577  0.00041  0.00004  0.21040  0.00038
 4-HE     119|      0.024170     0.021941  0.00199  0.00024  0.20646  0.00161
STOP        0.00      0.00      0.00      0.00      0.00      0.00            
