argument 1 is /gpfs/mnt/gpfs02/eic/wlin/BeAGLE_eHe3_9x166/INP/Q2min100.4.inp

This container includes FLUKA, which is subject to licensing restrictions.
By using this container you acknowledge the following:

  1. DO NOT REDISTRIBUTE: You must not transmit or distribute the FLUKA
     software (whether modified or not) to anyone unauthorized.

  2. COMPILER DISCLAIMER: This container builds FLUKA with GCC 11
     (the default for AlmaLinux 9), which may not be an officially cleared
     compiler version. The FLUKA developers state:

       "The availability of the source code shall not be exploited for
        tentative builds on other architectures or with different
        compilers/compiler options than the ones recommended by the
        development team. Our experience shows that for a code of the
        complexity of FLUKA the chances of hitting one or more compiler
        issues are very large. Therefore users shall not make use for
        every serious task, including whichever form of publication or
        presentation, of code versions built on platforms and/or with
        compiler options which have not been cleared as safe by the
        development team."

     Results obtained with this build should be validated accordingly.

  3. Refer to the FLUKA license agreement for full terms and conditions:
     https://fluka.cern/

BeAGLE is installed to /usr/local.
The /work directory is pre-configured with some required symlinks.
When running from a different directory, you may need to manually do:

  ln -s /usr/local/fluka/nuclear.bin .
  ln -s /usr/local/share/BeAGLE/eAt1dfJn .
  mkdir outForPythiaMode

Running is

  BeAGLE < /usr/local/share/BeAGLE/<input_file>.inp

 +-----------------------------------------------------------------------+
 | Welcome to BeAGLE - Benchmark eA Generator for LEptoproduction        |
 |                                                                       |
 |         BBBBBB  EEEEEEE     A     GGGGGG  LL       EEEEEEE            |
 |         BB   B  EE         A A    GG      LL       EE                 |
 |         BB  B   EE        A   A   GG      LL       EE                 |
 |         BBBBB   EEEEE     AAAAA   GG  GG  LL       EEEEE              |
 |         BB  B   EE       A     A  GG   G  LL       EE                 |
 |         BB   B  EE       A     A  GG   G  LL       EE                 |
 |         BBBBBB  EEEEEEE  A     A  GGGGGG  LLLLLLL  EEEEEEE            |
 |                                                                       |
 | BeAGLE Version 1.03.02                                                |
 |                                                                       |
 | Authors: Elke Aschenauer, Mark D. Baker, J.H. Lee, Zhoudunming Tu,    |
 |          Liang Zheng                                                  |
 | Contact: mdbaker@mdbpads.com or zhoudunming@bnl.gov                   |
 |                                                                       |
 | This program (previously called DPMJetHybrid) links to:               |
 | DPMJET, PHOJET, & PYTHIA (see version #s below) including also        |
 | LHAPDF for pdfs, and FLUKA & PyQM for conventional nuclear effects    |
 +-----------------------------------------------------------------------+

                            _______.
                         ,=~       '~\c.
                        i`             '\.
                       ,!                'c
                      ,/                 . t
                   ,_v`              ,,md@m.\
               ,v=~`    m.           [d@@@@@/i
             ,/`        '*          ],@@@@@@[[
            ,!                      ]]@@@@@@[[
            /                       ]]@@@@@@[[
           i`                       ]]@@@@@@[[
          g4.                       'i@@@@@A\|
         ]W@b                        \/M@Af,|
         'M@@W                      v/~===/`
              \=c_______==~~~~\.   /
                             ,mWmmWs
                             '*A**Mf
                             ,v`   \c.
                           _=`       'c.              v==c.
                         v/            'c           _K., i'i
                      ,v~                \c_  __==~~  ]'i] ]
                    ,=`                     ~~      'P`,!/ /
                  _/`      .           -.           .!.' _/
       ,.     ,_=~    ,_=/~[            N=__  __==~~'\/~~
     ,/`'i  ,/`    _=~`    [            ]   ~~
      t_.]~~~~~TXXXXG.     [            |.
      ] 'Y~~~~~`     [     [             [
      ]v`d           [     ]    __.       [
      ] /]   ,/    .,!     ]  v~, /\c   ,v/~~=.
      ][!d  -`    i` ]     ] / i! !i'i  [, [] /c
      ][/]    v   [  ]     ]i` `   ' [ ] !    !'i
      ]P,4  ,/   / / ]     ]]        [ ]        [
      ][/] -`   ,|,-'i     ]]        [ ]        [
      iV,]   v  / /  [     ]]        [ ]        [
      ] \] ,/    '   [     |/i       [ ]       ,|
~~~~~~Vg|] ` ____====f~~~~~~~~c    ,/~~~c     ,/~~~~~~~~~~~~~~~~~~~
        '~~~~                 ~==/`     \c__=`

 Art credit: asciiworld.com


 +-----------------------------------------------------------------------+
 |                                                                       |
 |                          DPMJET version 3.0-5                         |
 |                                                                       |
 |                      (Last change: 06 Jan 2010)                       |
 |                                                                       |
 |            Authors: Stefan Roesler   (CERN)                           |
 |                     Ralph Engel      (FZ Karlsruhe)                   |
 |                     Johannes Ranft   (Siegen Univ.)                   |
 |                                                                       |
 +-----------------------------------------------------------------------+
 | Please send suggestions, bug reports, etc. to: Stefan.Roesler@cern.ch |
 +-----------------------------------------------------------------------+

 Will use BEAGLESYS for .dat files: /usr/local/share/BeAGLE.
  
**********************************************************************        
* Example for a DTUNUC input file.                                            
* Uncomment the input-cards according to your requirements.                   
*                                                                             
* Format: A10,6E10.0,A8                                                       
*        (except for the section enclosed by "PHOINPUT" and "ENDINPUT"        
*         which is format-free)                                               
*         lines starting with "*" are comment lines                           
**********************************************************************        
*                                                                             
* projectile / target                                                         
* -------------------                                                         
PROJPAR     0.00      0.00      0.00      0.00      0.00      0.00    ELECTRON
TARPAR      3.00      2.00      0.00      0.00      0.00      0.00            

 WARNING!
 WARNING!
 WARNING WILL ROBISON!
 Intranuclear cascade disallowed for A=3
 KTAUGE set to 0 to turn off INC

TAUFOR      10.0      25.0      1.00      0.00      0.00      0.00            

 WARNING!
 WARNING!
 WARNING WILL ROBISON!
 Intranuclear cascade disallowed for A=3
 KTAUGE set to 0 to turn off INC

FERMI       2.00     0.620      1.00      0.00      0.00      0.00            
* random number                                                               
FSEED       13.0     -1.00      3.00      3.00      0.00      0.00            
* output file with the name of fort.xx (xx=21-99)                             
OUTPUT      92.0      0.00      0.00      0.00      0.00      0.00            
* energy of interaction                                                       
* ---------------------                                                       
*	     momentum of beam1||momentum of beam2                                   
MOMENTUM    9.00      166.      0.00      0.00      0.00      0.00            
 BEAM1, BEAM2, MAscl, gamma, beta, EPN
   9.0000000000000000          166.00000000000000         0.93613074553494069          177.32847719342320         0.99998409929105947          3191.8872152175386     
*	decay of pi0  2/0  decay/not decayed                                        
PARDECAY    2.00      0.00      0.00      0.00      0.00      0.00            
*	treatment of diffractive events                                             
*DIFFRACT         -3         0         0         0                            
* lepton tagger to sample events with certain kinematics cuts                 
*		yMin      yMax    Q2Min    Q2Max   theta_Min theta_Max                     
L-TAG      0.100E-01 0.950      100.     0.100E+05  0.00      6.00    .29     
*VDM-PAR2           1        1         0                                      
* model selection                                                             
USERSET     15.0      9.00      0.00      0.00      0.00      0.00            
 USERSET 15 selected. Fermi debug.
            USER1 = pxmiss
            USER2 = pxspec
            USER3 = P00
MODEL       0.00      0.00      0.00      0.00      0.00      0.00    PYTHIA  
* if PYTHIA model specify pythia input cards                                  
PY-INPUT    0.00      0.00      0.00      0.00      0.00      0.00    PY/py3.4
* PHOJET-specific input                                                       
* ---------------------                                                       
* The following lines control the event-generation with PHOJET for            
* individual photon/nucleon-nucleon collisions.                               
* For details see the PHOJET-manual available at                              
*        http://lepton.bartol.udel.edu/~eng/phojet.html                       
* Any options explained in the PHOJET-manual can be used in between           
* the "PHOINPUT" and "ENDINPUT" cards.                                        
PHOINPUT    0.00      0.00      0.00      0.00      0.00      0.00            

  ===================================================
                                                     
       ----      PHOJET version 1.12      ----      
                                                     
  ===================================================
      Authors: Ralph Engel      (FZ Karlsruhe)
               Johannes Ranft   (Siegen Univ.)
               Stefan Roesler   (CERN)
  ---------------------------------------------------
    Manual, updates, and further information:
     http://www-ik.fzk.de/~engel/phojet.html
  ---------------------------------------------------
     please send suggestions / bug reports etc. to:
              ralph.engel@fzk.de
  ===================================================
    $Date: 2000/06/25 21:59:19 $
    $Revision: 1.12.1.35 $
    (code version with interface to PYTHIA 6.x)
    (code version for usage in DPMJET 3.x)
  ===================================================

 PROCESS              1           1           1           1           1           1           1           1
  RETURN
*                                                                             
* Output                                                                      
* ------                                                                      
*   some default output (particle multiplicities etc.)                        
HISTOGRAM   101.      102.      0.00      0.00      0.00      0.00            
*                                                                             
* Start of event generation                                                   
* -------------------------                                                   
*		number of events                                                           
START      0.100E+07  0.00      0.00      0.00      0.00      0.00            
 %%%%%%%%%% FLUKA RANDOM SEED INIT %%%%%%%%%%%
          13          -1           3           3
 %%%%%%%%%%%%%%%%%%%%%%%%%%%%%%%%%%%%%%%%%%%%%
 DT_JSPARA: new value (default value)
 Momentum read by BeAGLE: P(e)=   9.0000000000000000       P(p)=   166.00000000000000     
 the input file is: PY/py3.4                                                                                                                                                                                                                                                        
1                                                                              
 ******************************************************************************
 ******************************************************************************
 **                                                                          **
 **                                                                          **
 **              *......*                  Welcome to the Lund Monte Carlo!  **
 **         *:::!!:::::::::::*                                               **
 **      *::::::!!::::::::::::::*          PPP  Y   Y TTTTT H   H III   A    **
 **    *::::::::!!::::::::::::::::*        P  P  Y Y    T   H   H  I   A A   **
 **   *:::::::::!!:::::::::::::::::*       PPP    Y     T   HHHHH  I  AAAAA  **
 **   *:::::::::!!:::::::::::::::::*       P      Y     T   H   H  I  A   A  **
 **    *::::::::!!::::::::::::::::*!       P      Y     T   H   H III A   A  **
 **      *::::::!!::::::::::::::* !!                                         **
 **      !! *:::!!:::::::::::*    !!       This is PYTHIA version 6.428      **
 **      !!     !* -><- *         !!       Last date of change:  5 Sep 2013  **
 **      !!     !!                !!                                         **
 **      !!     !!                !!       Now is  0 Jan 2000 at  0:00:00    **
 **      !!                       !!                                         **
 **      !!        lh             !!       Disclaimer: this program comes    **
 **      !!                       !!       without any guarantees. Beware    **
 **      !!                 hh    !!       of errors and use common sense    **
 **      !!    ll                 !!       when interpreting results.        **
 **      !!                       !!                                         **
 **      !!                                Copyright T. Sjostrand (2011)     **
 **                                                                          **
 ** An archive of program versions and documentation is found on the web:    **
 ** http://www.thep.lu.se/~torbjorn/Pythia.html                              **
 **                                                                          **
 ** When you cite this program, the official reference is to the 6.4 manual: **
 ** T. Sjostrand, S. Mrenna and P. Skands, JHEP05 (2006) 026                 **
 ** (LU TP 06-13, FERMILAB-PUB-06-052-CD-T) [hep-ph/0603175].                **
 **                                                                          **
 ** Also remember that the program, to a large extent, represents original   **
 ** physics research. Other publications of special relevance to your        **
 ** studies may therefore deserve separate mention.                          **
 **                                                                          **
 ** Main author: Torbjorn Sjostrand; Department of Theoretical Physics,      **
 **   Lund University, Solvegatan 14A, S-223 62 Lund, Sweden;                **
 **   phone: + 46 - 46 - 222 48 16; e-mail: torbjorn@thep.lu.se              **
 ** Author: Stephen Mrenna; Computing Division, GDS Group,                   **
 **   Fermi National Accelerator Laboratory, MS 234, Batavia, IL 60510, USA; **
 **   phone: + 1 - 630 - 840 - 2556; e-mail: mrenna@fnal.gov                 **
 ** Author: Peter Skands; CERN/PH-TH, CH-1211 Geneva, Switzerland            **
 **   phone: + 41 - 22 - 767 24 47; e-mail: peter.skands@cern.ch             **
 **                                                                          **
 **                                                                          **
 ******************************************************************************
 ******************************************************************************
     MSEL           changed from              1 to              2
     mstp(14)       changed from             30 to             30
     MSTP(15)       changed from              0 to              0
     MSTP(16)       changed from              1 to              1
     MSTP(17)       changed from              4 to              6
     MSTP(18)       changed from              3 to              3
     MSTP(19)       changed from              4 to              1
     MSTP(20)       changed from              3 to              4
     MSTP(32)       changed from              8 to              8
     MSTP(38)       changed from              5 to              4
     MSTP(51)       changed from              7 to          10042
     MSTP(52)       changed from              1 to              2
     MSTP(53)       changed from              3 to              3
     MSTP(54)       changed from              1 to              1
     MSTP(55)       changed from              5 to              5
     MSTP(56)       changed from              1 to              1
     MSTP(57)       changed from              1 to              1
     MSTP(58)       changed from              5 to              5
     MSTP(59)       changed from              1 to              1
     MSTP(60)       changed from              7 to              7
     MSTP(61)       changed from              2 to              2
     MSTP(71)       changed from              1 to              1
     MSTP(81)       changed from              1 to              0
     MSTP(82)       changed from              4 to              1
     MSTP(91)       changed from              1 to              1
     MSTP(92)       changed from              3 to              3
     MSTP(93)       changed from              1 to              1
     MSTP(94)       changed from              3 to              2
     MSTP(101)      changed from              3 to              1
     MSTP(102)      changed from              1 to              1
     MSTP(111)      changed from              1 to              1
     MSTP(121)      changed from              0 to              0
     PARP(2)        changed from       10.00000 to        2.00000
     PARP(13)       changed from        1.00000 to        1.00000
     PARP(18)       changed from        0.40000 to        0.17000
     PARP(81)       changed from        1.90000 to        1.90000
     PARP(89)       changed from     1800.00000 to     1800.00000
     PARP(90)       changed from        0.25000 to        0.16000
     PARP(91)       changed from        2.00000 to        0.40000
     PARP(93)       changed from        5.00000 to        5.00000
     PARP(97)       changed from        1.00000 to        6.00000
     PARP(99)       changed from        1.00000 to        0.40000
     PARP(100)      changed from        5.00000 to        5.00000
     PARP(102)      changed from        0.28000 to        0.28000
     PARP(103)      changed from        1.00000 to        1.00000
     PARP(104)      changed from        0.80000 to        0.80000
     PARP(111)      changed from        2.00000 to        2.00000
     PARP(161)      changed from        2.20000 to        3.00000
     PARP(162)      changed from       23.60000 to       24.60000
     PARP(163)      changed from       18.40000 to       18.80000
     PARP(164)      changed from       11.50000 to       11.50000
     PARP(165)      changed from        0.50000 to        0.47679
     PARP(166)      changed from        0.00000 to        0.67597
     PARJ(1)        changed from        0.10000 to        0.10000
     PARJ(2)        changed from        0.30000 to        0.30000
     PARJ(11)       changed from        0.50000 to        0.50000
     PARJ(12)       changed from        0.60000 to        0.60000
     PARJ(21)       changed from        0.36000 to        0.40000
     PARJ(32)       changed from        1.00000 to        1.00000
     PARJ(33)       changed from        0.80000 to        0.80000
     PARJ(41)       changed from        0.30000 to        0.30000
     PARJ(42)       changed from        0.58000 to        0.58000
     PARJ(45)       changed from        0.50000 to        0.50000
     PARJ(170)      changed from        0.36000 to        0.32000
     MSTJ(1)        changed from              1 to              1
     MSTJ(12)       changed from              2 to              1
     MSTJ(45)       changed from              5 to              5
     MSTU(112)      changed from              5 to              5
     MSTU(113)      changed from              3 to              5
     MSTU(114)      changed from              5 to              5
     CKIN(1)        changed from        2.00000 to        1.00000
     CKIN(2)        changed from       -1.00000 to       -1.00000
     CKIN(3)        changed from        0.00000 to        0.00000
     CKIN(4)        changed from       -1.00000 to       -1.00000
     CKIN(5)        changed from        1.00000 to        1.00000
     CKIN(6)        changed from        1.00000 to        1.00000
     CKIN(7)        changed from      -10.00000 to      -10.00000
     CKIN(8)        changed from       10.00000 to       10.00000
     CKIN(9)        changed from      -40.00000 to      -40.00000
     CKIN(10)       changed from       40.00000 to       40.00000
     CKIN(11)       changed from      -40.00000 to      -40.00000
     CKIN(12)       changed from       40.00000 to       40.00000
     CKIN(13)       changed from      -40.00000 to      -40.00000
     CKIN(14)       changed from       40.00000 to       40.00000
     CKIN(15)       changed from      -40.00000 to      -40.00000
     CKIN(16)       changed from       40.00000 to       40.00000
     CKIN(17)       changed from       -1.00000 to       -1.00000
     CKIN(18)       changed from        1.00000 to        1.00000
     CKIN(19)       changed from       -1.00000 to       -1.00000
     CKIN(20)       changed from        1.00000 to        1.00000
     CKIN(21)       changed from        0.00000 to        0.00000
     CKIN(22)       changed from        1.00000 to        1.00000
     CKIN(23)       changed from        0.00000 to        0.00000
     CKIN(24)       changed from        1.00000 to        1.00000
     CKIN(25)       changed from       -1.00000 to       -1.00000
     CKIN(26)       changed from        1.00000 to        1.00000
     CKIN(27)       changed from       -1.00000 to       -1.00000
     CKIN(28)       changed from        1.00000 to        1.00000
     CKIN(31)       changed from        2.00000 to        2.00000
     CKIN(32)       changed from       -1.00000 to       -1.00000
     CKIN(35)       changed from        0.00000 to        0.00000
     CKIN(36)       changed from       -1.00000 to       -1.00000
     CKIN(37)       changed from        0.00000 to        0.00000
     CKIN(38)       changed from       -1.00000 to       -1.00000
     CKIN(39)       changed from        4.00000 to        4.00000
     CKIN(40)       changed from       -1.00000 to       -1.00000
     CKIN(65)       changed from        0.00000 to        0.00000
     CKIN(66)       changed from       -1.00000 to       -1.00000
     CKIN(67)       changed from        0.00000 to        0.00000
     CKIN(68)       changed from       -1.00000 to       -1.00000
     CKIN(77)       changed from        2.00000 to        2.00000
     CKIN(78)       changed from       -1.00000 to       -1.00000
 WARNING: Shadowing corrections for gamma*+Au are being used. Not fully accurate for A=           3
 WARNING: Shadowing corrections for gamma*+Cu are being used. Not fully accurate for A=           3
 Opening file: /usr/local/share/BeAGLE/shadowmapCa.dat                                                                                                                                                                                                                        
 *********************************************
 NOW all parameters are read by PYTHIA
 *********************************************
 the output file is: outForPythiaMode/Q2min100.4.txt                                                                                                                                                                                                                                 
 kinematics cut read by PYTHIA:
   1.0000000000000000E-002  < y <   0.94999999999999996      ,    100.00000000000000       < Q2 <    10000.000000000000     
 Successfully got seed from /dev/urandom:   1707570222
 SEED =   1707570222
 RANLUX LUXURY LEVEL SET BY RLUXGO : 4     P= 389
 RANLUX INITIALIZED BY RLUXGO FROM SEEDS  1707570222           0           0
   3191.8872152074900        9.0000000144500003       -3191.8872152074491       -9.0000000000000000     
 *********************************************
 Nucleus: Z, A:            2             3
 Per nucleon beam momentum:   166.00000000000000      GeV
 sqrts for momentum matched ep:    77.310594908593799      GeV
 Rapidity-matched neutron beam momentum:    166.60986805948096      GeV
 Rapidity-matched proton beam momentum:    166.37934470467258      GeV
 lepton beam momentum:    9.0000000000000000      GeV
 sqrts for eN system:    77.452474031692489      GeV
 lepton beam energy in TRF:    3191.8872152074900      GeV
 *********************************************
 Density profile of the target: DONE
 Charge number=           2  Mass number=           3
 Quenching requested, qhat=   0.0000000000000000     
 Using recoil factor:   0.0000000000000000     
       Ptmodel iPtF:            3
       EmitGluon iEg:           0
       SupFactor:       1.0000000000000000     
       Heavy Quarks:            0
       Energy Thres:    0.0000000000000000     

 WEAK DECAY TABLE
 Particle, PID, MDCY value
 K_S0                     310           1
 pi0                      111           1
 Lambda0                 3122           1
 Lambdabar0             -3122           1
 Sigma+                  3222           1
 Sigmabar-              -3222           1
 Sigma-                  3112           1
 Sigmabar+              -3112           1
 Xi0                     3322           1
 Xibar0                 -3322           1
 Xi-                     3312           1
 Xibar+                 -3312           1
 Omega-                  3334           1
 Omegabar+              -3334           1
 D+                       411           1
 D-                      -411           1
 D0                       421           1
 Dbar0                   -421           1
 D_s+                     431           1
 D_s-                    -431           1
 eta_c                    441           1
 Lambda_c+               4122           1
 Lambda_cbar-           -4122           1
 Sigma_c++               4222           1
 Sigma_c+                4212           1
 Sigma_c0                4112           1
 Sigma_cbar--           -4222           1
 Sigma_cbar-            -4212           1
 Sigma_cbar0            -4112           1
 Xi_c+                   4232           1
 Xi_c0                   4132           1
 Xi_cbar-               -4232           1
 Xi_cbar0               -4132           1
 Sigma0                  3212           1
 Sigmabar0              -3212           1
 J/psi                    443           1
 phi                      333           1

1****************** PYINIT: initialization of PYTHIA routines *****************
 ==== PYTHIA WILL USE LHAPDF ====
 *************************************
 *       LHAPDF Version 5.9.1        *
 *   Configured for the following:   *
 *             All PDFs              *
 *         FULL MEMORY option        *
 *    Maximum  3 concurrent set(s)   *
 *************************************

 >>>>>> PDF description: <<<<<<
 CTEQ6L1 - LO with LO alpha_s                                    
 Reference:                                                      
 J. Pumplin, D.R. Stump, J. Huston, H.L. Lai, P. Nadolsky,       
 W.K. Tung                                                       
 hep-ph/0201195                                                  
 >>>>>>                   <<<<<<

 Parametrization: CTEQ6           

 ==============================================
 PDFset name /cvmfs/sft.cern.ch/lcg/external/lhapdfsets/5.9.1/share/PDFsets/cteq6ll.LHpdf    
 with          1 members
 ====  initialized. ===========================
 Strong coupling at Mz for PDF is:  0.12978

 ==============================================================================
 I                                                                            I
 I      PYTHIA will be initialized for gamma/e- on n0 user configuration      I
 I                                                                            I
 I                  px (GeV/c)   py (GeV/c)   pz (GeV/c)      E (GeV)         I
 I        gamma/e-       0.000        0.000       -9.000        9.000         I
 I        n0             0.000        0.000      166.610      166.613         I
 I                                                                            I
 I           corresponding to     77.452 GeV center-of-mass energy            I
 I                                                                            I
 ==============================================================================
 EPS09LO unavailable for A=           3 using           4
 /cvmfs/sft.cern.ch/lcg/external/lhapdfsets/5.9.1/share/PDFsets/EPS09LOR_4.LHgrid

 ******** PYMAXI: summary of differential cross-section maximum search ********

           ==========================================================
           I                                      I                 I
           I  ISUB  Subprocess name               I  Maximum value  I
           I                                      I                 I
           ==========================================================
           I                                      I                 I
           I   91   Elastic scattering            I    5.6106D-04   I
           I   92   Single diffractive (XB)       I    4.2538D-04   I
           I   93   Single diffractive (AX)       I    3.4773D-04   I
           I   94   Double  diffractive           I    3.3082D-04   I
           I   95   Low-pT scattering             I    2.5496D-03   I
           I   96   Semihard QCD 2 -> 2           I    2.4247D-02   I
           I                                      I                 I
           ==========================================================

 ******** PYMAXI: summary of differential cross-section maximum search ********

           ==========================================================
           I                                      I                 I
           I  ISUB  Subprocess name               I  Maximum value  I
           I                                      I                 I
           ==========================================================
           I                                      I                 I
           I  131   f + gamma*_T -> f + g         I    2.3218D-04   I
           I  132   f + gamma*_L -> f + g         I    1.2374D-05   I
           I  135   g + gamma*_T -> f + fbar      I    9.6655D-04   I
           I  136   g + gamma*_L -> f + fbar      I    1.7090D-04   I
           I                                      I                 I
           ==========================================================

 ******** PYMAXI: summary of differential cross-section maximum search ********

           ==========================================================
           I                                      I                 I
           I  ISUB  Subprocess name               I  Maximum value  I
           I                                      I                 I
           ==========================================================
           I                                      I                 I
           I   91   Elastic scattering            I    2.5880D-05   I
           I   92   Single diffractive (XB)       I    2.0018D-05   I
           I   93   Single diffractive (AX)       I    1.5900D-05   I
           I   94   Double  diffractive           I    1.5459D-05   I
           I   95   Low-pT scattering             I    1.2638D-04   I
           I   96   Semihard QCD 2 -> 2           I    1.7455D-02   I
           I                                      I                 I
           ==========================================================

 ******** PYMAXI: summary of differential cross-section maximum search ********

           ==========================================================
           I                                      I                 I
           I  ISUB  Subprocess name               I  Maximum value  I
           I                                      I                 I
           ==========================================================
           I                                      I                 I
           I   99   q + gamma* -> q               I    3.4684D-03   I
           I                                      I                 I
           ==========================================================

 ********************** PYINIT: initialization completed **********************
 LAEVT:                kinematical cuts
                      ------------------
         W (min)   =    0.5 GeV    (max) =   77.5 GeV
         y (min)   =  0.010        (max) =  0.950
         Q^2 (min) =  100.0 GeV^2  (max) =10000.0 GeV^2
 (Lab)   E_g (min) =    0.0 GeV
 (Lab) theta (min) = 0.0000        (max) = 6.0000   for E_lpt >    0.0 GeV

 resulting limits:
         W (min)   =    7.8 GeV    (max) =   75.5 GeV

 limits for Glauber-initialization:
         W (min)   =    7.8 GeV    (max) =   75.5 GeV
         Q^2 (min) =  100.0 GeV^2  (max) =10000.0 GeV^2



 SHMAKI:    Glauber formalism (Shmakov et. al) - initialization
            ---------------------------------------------------

 variable energy run:     projectile-id:  7    target A/Z:   3 /  2

        E_cm (GeV)    Q^2 (GeV^2)    Sigma_tot (mb)     Sigma_in (mb)
       --------------------------------------------------------------
            7.8         100.00           0.000              0.000
            7.8         316.23           0.000              0.000
            7.8         ******           0.000              0.000
            7.8         ******           0.000              0.000
            7.8         ******           0.000              0.000
           10.8         100.00           0.001              0.000
           10.8         316.23           0.000              0.000
           10.8         ******           0.000              0.000
           10.8         ******           0.000              0.000
           10.8         ******           0.000              0.000
           14.9         100.00           0.001              0.000
           14.9         316.23           0.000              0.000
           14.9         ******           0.000              0.000
           14.9         ******           0.000              0.000
           14.9         ******           0.000              0.000
           20.6         100.00           0.001              0.000
           20.6         316.23           0.000              0.000
           20.6         ******           0.000              0.000
           20.6         ******           0.000              0.000
           20.6         ******           0.000              0.000
           28.5         100.00           0.002              0.000
           28.5         316.23           0.000              0.000
           28.5         ******           0.000              0.000
           28.5         ******           0.000              0.000
           28.5         ******           0.000              0.000
           39.5         100.00           0.002              0.000
           39.5         316.23           0.000              0.000
           39.5         ******           0.000              0.000
           39.5         ******           0.000              0.000
           39.5         ******           0.000              0.000
           54.6         100.00           0.002              0.000
           54.6         316.23           0.000              0.000
           54.6         ******           0.000              0.000
           54.6         ******           0.000              0.000
           54.6         ******           0.000              0.000
           75.5         100.00           0.002              0.000
           75.5         316.23           0.001              0.000
           75.5         ******           0.000              0.000
           75.5         ******           0.000              0.000
           75.5         ******           0.000              0.000
 DT_SIGEMU:    Combined cross sections
               -----------------------

 E_cm =      7.8 GeV  Q^2 = 100.0 GeV^2 :

 total                                    0.0003 +-    0.00000 mb
 elastic                                  0.0000 +-    0.00000 mb
 quasi-elastic (A+B-->A+X)                0.0000 +-    0.00000 mb
 quasi-elastic (A+B-->X+B)                0.0000 +-    0.00000 mb
 quasi-elastic (A+B-->X, excl. 2-4)       0.0000 +-    0.00000 mb
 production                               0.0000 +-    0.00000 mb
 diff-el                                  0.0000 +-    0.00000 mb
 diff-qel                                 0.0000 +-    0.00000 mb

 E_cm =      7.8 GeV  Q^2 = 316.2 GeV^2 :

 total                                    0.0000 +-    0.00000 mb
 elastic                                  0.0000 +-    0.00000 mb
 quasi-elastic (A+B-->A+X)                0.0000 +-    0.00000 mb
 quasi-elastic (A+B-->X+B)                0.0000 +-    0.00000 mb
 quasi-elastic (A+B-->X, excl. 2-4)       0.0000 +-    0.00000 mb
 production                               0.0000 +-    0.00000 mb
 diff-el                                  0.0000 +-    0.00000 mb
 diff-qel                                 0.0000 +-    0.00000 mb

 E_cm =      7.8 GeV  Q^2 =1000.0 GeV^2 :

 total                                    0.0000 +-    0.00000 mb
 elastic                                  0.0000 +-    0.00000 mb
 quasi-elastic (A+B-->A+X)                0.0000 +-    0.00000 mb
 quasi-elastic (A+B-->X+B)                0.0000 +-    0.00000 mb
 quasi-elastic (A+B-->X, excl. 2-4)       0.0000 +-    0.00000 mb
 production                               0.0000 +-    0.00000 mb
 diff-el                                  0.0000 +-    0.00000 mb
 diff-qel                                 0.0000 +-    0.00000 mb

 E_cm =      7.8 GeV  Q^2 =3162.3 GeV^2 :

 total                                    0.0000 +-    0.00000 mb
 elastic                                  0.0000 +-    0.00000 mb
 quasi-elastic (A+B-->A+X)                0.0000 +-    0.00000 mb
 quasi-elastic (A+B-->X+B)                0.0000 +-    0.00000 mb
 quasi-elastic (A+B-->X, excl. 2-4)       0.0000 +-    0.00000 mb
 production                               0.0000 +-    0.00000 mb
 diff-el                                  0.0000 +-    0.00000 mb
 diff-qel                                 0.0000 +-    0.00000 mb

 E_cm =      7.8 GeV  Q^2 =****** GeV^2 :

 total                                    0.0000 +-    0.00000 mb
 elastic                                  0.0000 +-    0.00000 mb
 quasi-elastic (A+B-->A+X)                0.0000 +-    0.00000 mb
 quasi-elastic (A+B-->X+B)                0.0000 +-    0.00000 mb
 quasi-elastic (A+B-->X, excl. 2-4)       0.0000 +-    0.00000 mb
 production                               0.0000 +-    0.00000 mb
 diff-el                                  0.0000 +-    0.00000 mb
 diff-qel                                 0.0000 +-    0.00000 mb

 E_cm =     10.8 GeV  Q^2 = 100.0 GeV^2 :

 total                                    0.0007 +-    0.00000 mb
 elastic                                  0.0000 +-    0.00000 mb
 quasi-elastic (A+B-->A+X)                0.0000 +-    0.00000 mb
 quasi-elastic (A+B-->X+B)                0.0000 +-    0.00000 mb
 quasi-elastic (A+B-->X, excl. 2-4)       0.0000 +-    0.00000 mb
 production                               0.0000 +-    0.00000 mb
 diff-el                                  0.0000 +-    0.00000 mb
 diff-qel                                 0.0000 +-    0.00000 mb

 E_cm =     10.8 GeV  Q^2 = 316.2 GeV^2 :

 total                                    0.0000 +-    0.00000 mb
 elastic                                  0.0000 +-    0.00000 mb
 quasi-elastic (A+B-->A+X)                0.0000 +-    0.00000 mb
 quasi-elastic (A+B-->X+B)                0.0000 +-    0.00000 mb
 quasi-elastic (A+B-->X, excl. 2-4)       0.0000 +-    0.00000 mb
 production                               0.0000 +-    0.00000 mb
 diff-el                                  0.0000 +-    0.00000 mb
 diff-qel                                 0.0000 +-    0.00000 mb

 E_cm =     10.8 GeV  Q^2 =1000.0 GeV^2 :

 total                                    0.0000 +-    0.00000 mb
 elastic                                  0.0000 +-    0.00000 mb
 quasi-elastic (A+B-->A+X)                0.0000 +-    0.00000 mb
 quasi-elastic (A+B-->X+B)                0.0000 +-    0.00000 mb
 quasi-elastic (A+B-->X, excl. 2-4)       0.0000 +-    0.00000 mb
 production                               0.0000 +-    0.00000 mb
 diff-el                                  0.0000 +-    0.00000 mb
 diff-qel                                 0.0000 +-    0.00000 mb

 E_cm =     10.8 GeV  Q^2 =3162.3 GeV^2 :

 total                                    0.0000 +-    0.00000 mb
 elastic                                  0.0000 +-    0.00000 mb
 quasi-elastic (A+B-->A+X)                0.0000 +-    0.00000 mb
 quasi-elastic (A+B-->X+B)                0.0000 +-    0.00000 mb
 quasi-elastic (A+B-->X, excl. 2-4)       0.0000 +-    0.00000 mb
 production                               0.0000 +-    0.00000 mb
 diff-el                                  0.0000 +-    0.00000 mb
 diff-qel                                 0.0000 +-    0.00000 mb

 E_cm =     10.8 GeV  Q^2 =****** GeV^2 :

 total                                    0.0000 +-    0.00000 mb
 elastic                                  0.0000 +-    0.00000 mb
 quasi-elastic (A+B-->A+X)                0.0000 +-    0.00000 mb
 quasi-elastic (A+B-->X+B)                0.0000 +-    0.00000 mb
 quasi-elastic (A+B-->X, excl. 2-4)       0.0000 +-    0.00000 mb
 production                               0.0000 +-    0.00000 mb
 diff-el                                  0.0000 +-    0.00000 mb
 diff-qel                                 0.0000 +-    0.00000 mb

 E_cm =     14.9 GeV  Q^2 = 100.0 GeV^2 :

 total                                    0.0011 +-    0.00000 mb
 elastic                                  0.0000 +-    0.00000 mb
 quasi-elastic (A+B-->A+X)                0.0000 +-    0.00000 mb
 quasi-elastic (A+B-->X+B)                0.0000 +-    0.00000 mb
 quasi-elastic (A+B-->X, excl. 2-4)       0.0000 +-    0.00000 mb
 production                               0.0000 +-    0.00000 mb
 diff-el                                  0.0000 +-    0.00000 mb
 diff-qel                                 0.0000 +-    0.00000 mb

 E_cm =     14.9 GeV  Q^2 = 316.2 GeV^2 :

 total                                    0.0001 +-    0.00000 mb
 elastic                                  0.0000 +-    0.00000 mb
 quasi-elastic (A+B-->A+X)                0.0000 +-    0.00000 mb
 quasi-elastic (A+B-->X+B)                0.0000 +-    0.00000 mb
 quasi-elastic (A+B-->X, excl. 2-4)       0.0000 +-    0.00000 mb
 production                               0.0000 +-    0.00000 mb
 diff-el                                  0.0000 +-    0.00000 mb
 diff-qel                                 0.0000 +-    0.00000 mb

 E_cm =     14.9 GeV  Q^2 =1000.0 GeV^2 :

 total                                    0.0000 +-    0.00000 mb
 elastic                                  0.0000 +-    0.00000 mb
 quasi-elastic (A+B-->A+X)                0.0000 +-    0.00000 mb
 quasi-elastic (A+B-->X+B)                0.0000 +-    0.00000 mb
 quasi-elastic (A+B-->X, excl. 2-4)       0.0000 +-    0.00000 mb
 production                               0.0000 +-    0.00000 mb
 diff-el                                  0.0000 +-    0.00000 mb
 diff-qel                                 0.0000 +-    0.00000 mb

 E_cm =     14.9 GeV  Q^2 =3162.3 GeV^2 :

 total                                    0.0000 +-    0.00000 mb
 elastic                                  0.0000 +-    0.00000 mb
 quasi-elastic (A+B-->A+X)                0.0000 +-    0.00000 mb
 quasi-elastic (A+B-->X+B)                0.0000 +-    0.00000 mb
 quasi-elastic (A+B-->X, excl. 2-4)       0.0000 +-    0.00000 mb
 production                               0.0000 +-    0.00000 mb
 diff-el                                  0.0000 +-    0.00000 mb
 diff-qel                                 0.0000 +-    0.00000 mb

 E_cm =     14.9 GeV  Q^2 =****** GeV^2 :

 total                                    0.0000 +-    0.00000 mb
 elastic                                  0.0000 +-    0.00000 mb
 quasi-elastic (A+B-->A+X)                0.0000 +-    0.00000 mb
 quasi-elastic (A+B-->X+B)                0.0000 +-    0.00000 mb
 quasi-elastic (A+B-->X, excl. 2-4)       0.0000 +-    0.00000 mb
 production                               0.0000 +-    0.00000 mb
 diff-el                                  0.0000 +-    0.00000 mb
 diff-qel                                 0.0000 +-    0.00000 mb

 E_cm =     20.6 GeV  Q^2 = 100.0 GeV^2 :

 total                                    0.0014 +-    0.00000 mb
 elastic                                  0.0000 +-    0.00000 mb
 quasi-elastic (A+B-->A+X)                0.0000 +-    0.00000 mb
 quasi-elastic (A+B-->X+B)                0.0000 +-    0.00000 mb
 quasi-elastic (A+B-->X, excl. 2-4)       0.0000 +-    0.00000 mb
 production                               0.0000 +-    0.00000 mb
 diff-el                                  0.0000 +-    0.00000 mb
 diff-qel                                 0.0000 +-    0.00000 mb

 E_cm =     20.6 GeV  Q^2 = 316.2 GeV^2 :

 total                                    0.0002 +-    0.00000 mb
 elastic                                  0.0000 +-    0.00000 mb
 quasi-elastic (A+B-->A+X)                0.0000 +-    0.00000 mb
 quasi-elastic (A+B-->X+B)                0.0000 +-    0.00000 mb
 quasi-elastic (A+B-->X, excl. 2-4)       0.0000 +-    0.00000 mb
 production                               0.0000 +-    0.00000 mb
 diff-el                                  0.0000 +-    0.00000 mb
 diff-qel                                 0.0000 +-    0.00000 mb

 E_cm =     20.6 GeV  Q^2 =1000.0 GeV^2 :

 total                                    0.0000 +-    0.00000 mb
 elastic                                  0.0000 +-    0.00000 mb
 quasi-elastic (A+B-->A+X)                0.0000 +-    0.00000 mb
 quasi-elastic (A+B-->X+B)                0.0000 +-    0.00000 mb
 quasi-elastic (A+B-->X, excl. 2-4)       0.0000 +-    0.00000 mb
 production                               0.0000 +-    0.00000 mb
 diff-el                                  0.0000 +-    0.00000 mb
 diff-qel                                 0.0000 +-    0.00000 mb

 E_cm =     20.6 GeV  Q^2 =3162.3 GeV^2 :

 total                                    0.0000 +-    0.00000 mb
 elastic                                  0.0000 +-    0.00000 mb
 quasi-elastic (A+B-->A+X)                0.0000 +-    0.00000 mb
 quasi-elastic (A+B-->X+B)                0.0000 +-    0.00000 mb
 quasi-elastic (A+B-->X, excl. 2-4)       0.0000 +-    0.00000 mb
 production                               0.0000 +-    0.00000 mb
 diff-el                                  0.0000 +-    0.00000 mb
 diff-qel                                 0.0000 +-    0.00000 mb

 E_cm =     20.6 GeV  Q^2 =****** GeV^2 :

 total                                    0.0000 +-    0.00000 mb
 elastic                                  0.0000 +-    0.00000 mb
 quasi-elastic (A+B-->A+X)                0.0000 +-    0.00000 mb
 quasi-elastic (A+B-->X+B)                0.0000 +-    0.00000 mb
 quasi-elastic (A+B-->X, excl. 2-4)       0.0000 +-    0.00000 mb
 production                               0.0000 +-    0.00000 mb
 diff-el                                  0.0000 +-    0.00000 mb
 diff-qel                                 0.0000 +-    0.00000 mb

 E_cm =     28.5 GeV  Q^2 = 100.0 GeV^2 :

 total                                    0.0015 +-    0.00000 mb
 elastic                                  0.0000 +-    0.00000 mb
 quasi-elastic (A+B-->A+X)                0.0000 +-    0.00000 mb
 quasi-elastic (A+B-->X+B)                0.0000 +-    0.00000 mb
 quasi-elastic (A+B-->X, excl. 2-4)       0.0000 +-    0.00000 mb
 production                               0.0000 +-    0.00000 mb
 diff-el                                  0.0000 +-    0.00000 mb
 diff-qel                                 0.0000 +-    0.00000 mb

 E_cm =     28.5 GeV  Q^2 = 316.2 GeV^2 :

 total                                    0.0004 +-    0.00000 mb
 elastic                                  0.0000 +-    0.00000 mb
 quasi-elastic (A+B-->A+X)                0.0000 +-    0.00000 mb
 quasi-elastic (A+B-->X+B)                0.0000 +-    0.00000 mb
 quasi-elastic (A+B-->X, excl. 2-4)       0.0000 +-    0.00000 mb
 production                               0.0000 +-    0.00000 mb
 diff-el                                  0.0000 +-    0.00000 mb
 diff-qel                                 0.0000 +-    0.00000 mb

 E_cm =     28.5 GeV  Q^2 =1000.0 GeV^2 :

 total                                    0.0000 +-    0.00000 mb
 elastic                                  0.0000 +-    0.00000 mb
 quasi-elastic (A+B-->A+X)                0.0000 +-    0.00000 mb
 quasi-elastic (A+B-->X+B)                0.0000 +-    0.00000 mb
 quasi-elastic (A+B-->X, excl. 2-4)       0.0000 +-    0.00000 mb
 production                               0.0000 +-    0.00000 mb
 diff-el                                  0.0000 +-    0.00000 mb
 diff-qel                                 0.0000 +-    0.00000 mb

 E_cm =     28.5 GeV  Q^2 =3162.3 GeV^2 :

 total                                    0.0000 +-    0.00000 mb
 elastic                                  0.0000 +-    0.00000 mb
 quasi-elastic (A+B-->A+X)                0.0000 +-    0.00000 mb
 quasi-elastic (A+B-->X+B)                0.0000 +-    0.00000 mb
 quasi-elastic (A+B-->X, excl. 2-4)       0.0000 +-    0.00000 mb
 production                               0.0000 +-    0.00000 mb
 diff-el                                  0.0000 +-    0.00000 mb
 diff-qel                                 0.0000 +-    0.00000 mb

 E_cm =     28.5 GeV  Q^2 =****** GeV^2 :

 total                                    0.0000 +-    0.00000 mb
 elastic                                  0.0000 +-    0.00000 mb
 quasi-elastic (A+B-->A+X)                0.0000 +-    0.00000 mb
 quasi-elastic (A+B-->X+B)                0.0000 +-    0.00000 mb
 quasi-elastic (A+B-->X, excl. 2-4)       0.0000 +-    0.00000 mb
 production                               0.0000 +-    0.00000 mb
 diff-el                                  0.0000 +-    0.00000 mb
 diff-qel                                 0.0000 +-    0.00000 mb

 E_cm =     39.5 GeV  Q^2 = 100.0 GeV^2 :

 total                                    0.0017 +-    0.00000 mb
 elastic                                  0.0000 +-    0.00000 mb
 quasi-elastic (A+B-->A+X)                0.0000 +-    0.00000 mb
 quasi-elastic (A+B-->X+B)                0.0000 +-    0.00000 mb
 quasi-elastic (A+B-->X, excl. 2-4)       0.0000 +-    0.00000 mb
 production                               0.0000 +-    0.00000 mb
 diff-el                                  0.0000 +-    0.00000 mb
 diff-qel                                 0.0000 +-    0.00000 mb

 E_cm =     39.5 GeV  Q^2 = 316.2 GeV^2 :

 total                                    0.0004 +-    0.00000 mb
 elastic                                  0.0000 +-    0.00000 mb
 quasi-elastic (A+B-->A+X)                0.0000 +-    0.00000 mb
 quasi-elastic (A+B-->X+B)                0.0000 +-    0.00000 mb
 quasi-elastic (A+B-->X, excl. 2-4)       0.0000 +-    0.00000 mb
 production                               0.0000 +-    0.00000 mb
 diff-el                                  0.0000 +-    0.00000 mb
 diff-qel                                 0.0000 +-    0.00000 mb

 E_cm =     39.5 GeV  Q^2 =1000.0 GeV^2 :

 total                                    0.0001 +-    0.00000 mb
 elastic                                  0.0000 +-    0.00000 mb
 quasi-elastic (A+B-->A+X)                0.0000 +-    0.00000 mb
 quasi-elastic (A+B-->X+B)                0.0000 +-    0.00000 mb
 quasi-elastic (A+B-->X, excl. 2-4)       0.0000 +-    0.00000 mb
 production                               0.0000 +-    0.00000 mb
 diff-el                                  0.0000 +-    0.00000 mb
 diff-qel                                 0.0000 +-    0.00000 mb

 E_cm =     39.5 GeV  Q^2 =3162.3 GeV^2 :

 total                                    0.0000 +-    0.00000 mb
 elastic                                  0.0000 +-    0.00000 mb
 quasi-elastic (A+B-->A+X)                0.0000 +-    0.00000 mb
 quasi-elastic (A+B-->X+B)                0.0000 +-    0.00000 mb
 quasi-elastic (A+B-->X, excl. 2-4)       0.0000 +-    0.00000 mb
 production                               0.0000 +-    0.00000 mb
 diff-el                                  0.0000 +-    0.00000 mb
 diff-qel                                 0.0000 +-    0.00000 mb

 E_cm =     39.5 GeV  Q^2 =****** GeV^2 :

 total                                    0.0000 +-    0.00000 mb
 elastic                                  0.0000 +-    0.00000 mb
 quasi-elastic (A+B-->A+X)                0.0000 +-    0.00000 mb
 quasi-elastic (A+B-->X+B)                0.0000 +-    0.00000 mb
 quasi-elastic (A+B-->X, excl. 2-4)       0.0000 +-    0.00000 mb
 production                               0.0000 +-    0.00000 mb
 diff-el                                  0.0000 +-    0.00000 mb
 diff-qel                                 0.0000 +-    0.00000 mb

 E_cm =     54.6 GeV  Q^2 = 100.0 GeV^2 :

 total                                    0.0020 +-    0.00000 mb
 elastic                                  0.0000 +-    0.00000 mb
 quasi-elastic (A+B-->A+X)                0.0000 +-    0.00000 mb
 quasi-elastic (A+B-->X+B)                0.0000 +-    0.00000 mb
 quasi-elastic (A+B-->X, excl. 2-4)       0.0000 +-    0.00000 mb
 production                               0.0000 +-    0.00000 mb
 diff-el                                  0.0000 +-    0.00000 mb
 diff-qel                                 0.0000 +-    0.00000 mb

 E_cm =     54.6 GeV  Q^2 = 316.2 GeV^2 :

 total                                    0.0005 +-    0.00000 mb
 elastic                                  0.0000 +-    0.00000 mb
 quasi-elastic (A+B-->A+X)                0.0000 +-    0.00000 mb
 quasi-elastic (A+B-->X+B)                0.0000 +-    0.00000 mb
 quasi-elastic (A+B-->X, excl. 2-4)       0.0000 +-    0.00000 mb
 production                               0.0000 +-    0.00000 mb
 diff-el                                  0.0000 +-    0.00000 mb
 diff-qel                                 0.0000 +-    0.00000 mb

 E_cm =     54.6 GeV  Q^2 =1000.0 GeV^2 :

 total                                    0.0001 +-    0.00000 mb
 elastic                                  0.0000 +-    0.00000 mb
 quasi-elastic (A+B-->A+X)                0.0000 +-    0.00000 mb
 quasi-elastic (A+B-->X+B)                0.0000 +-    0.00000 mb
 quasi-elastic (A+B-->X, excl. 2-4)       0.0000 +-    0.00000 mb
 production                               0.0000 +-    0.00000 mb
 diff-el                                  0.0000 +-    0.00000 mb
 diff-qel                                 0.0000 +-    0.00000 mb

 E_cm =     54.6 GeV  Q^2 =3162.3 GeV^2 :

 total                                    0.0000 +-    0.00000 mb
 elastic                                  0.0000 +-    0.00000 mb
 quasi-elastic (A+B-->A+X)                0.0000 +-    0.00000 mb
 quasi-elastic (A+B-->X+B)                0.0000 +-    0.00000 mb
 quasi-elastic (A+B-->X, excl. 2-4)       0.0000 +-    0.00000 mb
 production                               0.0000 +-    0.00000 mb
 diff-el                                  0.0000 +-    0.00000 mb
 diff-qel                                 0.0000 +-    0.00000 mb

 E_cm =     54.6 GeV  Q^2 =****** GeV^2 :

 total                                    0.0000 +-    0.00000 mb
 elastic                                  0.0000 +-    0.00000 mb
 quasi-elastic (A+B-->A+X)                0.0000 +-    0.00000 mb
 quasi-elastic (A+B-->X+B)                0.0000 +-    0.00000 mb
 quasi-elastic (A+B-->X, excl. 2-4)       0.0000 +-    0.00000 mb
 production                               0.0000 +-    0.00000 mb
 diff-el                                  0.0000 +-    0.00000 mb
 diff-qel                                 0.0000 +-    0.00000 mb

 E_cm =     75.5 GeV  Q^2 = 100.0 GeV^2 :

 total                                    0.0024 +-    0.00000 mb
 elastic                                  0.0000 +-    0.00000 mb
 quasi-elastic (A+B-->A+X)                0.0000 +-    0.00000 mb
 quasi-elastic (A+B-->X+B)                0.0000 +-    0.00000 mb
 quasi-elastic (A+B-->X, excl. 2-4)       0.0000 +-    0.00000 mb
 production                               0.0000 +-    0.00000 mb
 diff-el                                  0.0000 +-    0.00000 mb
 diff-qel                                 0.0000 +-    0.00000 mb

 E_cm =     75.5 GeV  Q^2 = 316.2 GeV^2 :

 total                                    0.0006 +-    0.00000 mb
 elastic                                  0.0000 +-    0.00000 mb
 quasi-elastic (A+B-->A+X)                0.0000 +-    0.00000 mb
 quasi-elastic (A+B-->X+B)                0.0000 +-    0.00000 mb
 quasi-elastic (A+B-->X, excl. 2-4)       0.0000 +-    0.00000 mb
 production                               0.0000 +-    0.00000 mb
 diff-el                                  0.0000 +-    0.00000 mb
 diff-qel                                 0.0000 +-    0.00000 mb

 E_cm =     75.5 GeV  Q^2 =1000.0 GeV^2 :

 total                                    0.0001 +-    0.00000 mb
 elastic                                  0.0000 +-    0.00000 mb
 quasi-elastic (A+B-->A+X)                0.0000 +-    0.00000 mb
 quasi-elastic (A+B-->X+B)                0.0000 +-    0.00000 mb
 quasi-elastic (A+B-->X, excl. 2-4)       0.0000 +-    0.00000 mb
 production                               0.0000 +-    0.00000 mb
 diff-el                                  0.0000 +-    0.00000 mb
 diff-qel                                 0.0000 +-    0.00000 mb

 E_cm =     75.5 GeV  Q^2 =3162.3 GeV^2 :

 total                                    0.0000 +-    0.00000 mb
 elastic                                  0.0000 +-    0.00000 mb
 quasi-elastic (A+B-->A+X)                0.0000 +-    0.00000 mb
 quasi-elastic (A+B-->X+B)                0.0000 +-    0.00000 mb
 quasi-elastic (A+B-->X, excl. 2-4)       0.0000 +-    0.00000 mb
 production                               0.0000 +-    0.00000 mb
 diff-el                                  0.0000 +-    0.00000 mb
 diff-qel                                 0.0000 +-    0.00000 mb

 E_cm =     75.5 GeV  Q^2 =****** GeV^2 :

 total                                    0.0000 +-    0.00000 mb
 elastic                                  0.0000 +-    0.00000 mb
 quasi-elastic (A+B-->A+X)                0.0000 +-    0.00000 mb
 quasi-elastic (A+B-->X+B)                0.0000 +-    0.00000 mb
 quasi-elastic (A+B-->X, excl. 2-4)       0.0000 +-    0.00000 mb
 production                               0.0000 +-    0.00000 mb
 diff-el                                  0.0000 +-    0.00000 mb
 diff-qel                                 0.0000 +-    0.00000 mb
         Sigma_tot (max) =   0.002 mb
  
 DT_LAEVT: Initializing event loop
 Determining Pythia/Rapgap subevent type (ep vs en)
  
 DT_LAEVT: ITMODE=0 (Default) selected.
 Sequential Mode:       332712  en sub-collisions.
     followed by:       667288  ep sub-collisions.
  for a total of:      1000000  sub-collisions.


 NCLPOT:    quantities for inclusion of nuclear effects
            -------------------------------------------

                                      projectile      target

 Mass number / charge                   1 /  1        3 /  2
 Binding energy  - proton   (GeV)     0.0000E+00    0.5493E-02
                 - neutron  (GeV)     0.0000E+00    0.7718E-02
 Fermi-potential - proton   (GeV)     0.0000E+00    0.2469E-01
                 - neutron  (GeV)     0.0000E+00    0.1561E-01

 Scale factor for Fermi-momentum    0.62

 Coulomb-energy     0.0000E+00 GeV      0.9141E-03 GeV  



 FER4M:   sampling of Fermi-momenta activated
 SCLFAC: 3A/(4piR^3)=  0.69513397541106925      nucleons/fm^3
 SCLFAC: A=           3  Nuclear density at origin:   0.17020668058376262      nucleons/fm^3
 KKEVNT: Old Q2,y:   158.42579053722875        3.5765606962034881E-002 Rerolling.
  

 Advisory warning: maximum violated by  1.203D+00 in event      74
 XSEC(96,1) increased to  2.101D-02

 Advisory warning: maximum violated by  1.328D+00 in event     107
 XSEC(96,1) increased to  2.790D-02

 Advisory warning: maximum violated by  1.390D+00 in event     109
 XSEC(96,1) increased to  3.879D-02
    99999 events sampled
      100000  events output done
   199999 events sampled
      200000  events output done

 Advisory warning: maximum violated by  1.546D+00 in event     416
 XSEC(96,1) increased to  5.996D-02
   299999 events sampled
      300000  events output done
 ===================================================
 FROM PYTHIA (1st half: en collisions):
 Pythia total cross section normalisation:   1.2627629634560187E-003  microbarn
 Total Number of generated events pythia      332713
 ===================================================
 Actual totals from BeAGLE so far:
 Total Number of generated events      332712
 Total Number of trials      332713
 ===================================================

 ===== PDFSTA statistics for PDF under/over-flows ====

 ====== STRUCTM statistics for nucleon/pion PDFs =====

   total # of calls    652003646.00000000     
   X  below PDF min    0.0000000000000000       or    0.0000000000000000       %
   X  above PDF max    0.0000000000000000       or    0.0000000000000000       %
   Q2 below PDF min    0.0000000000000000       or    0.0000000000000000       %
   Q2 above PDF max    0.0000000000000000       or    0.0000000000000000       %

 ========= STRUCTP statistics for photon PDFs ========

   total # of calls    0.0000000000000000     

1****************** PYINIT: initialization of PYTHIA routines *****************
 ==== PYTHIA WILL USE LHAPDF ====
 Strong coupling at Mz for PDF is:  0.12978

 ==============================================================================
 I                                                                            I
 I      PYTHIA will be initialized for gamma/e- on p+ user configuration      I
 I                                                                            I
 I                  px (GeV/c)   py (GeV/c)   pz (GeV/c)      E (GeV)         I
 I        gamma/e-       0.000        0.000       -9.000        9.000         I
 I        p+             0.000        0.000      166.379      166.382         I
 I                                                                            I
 I           corresponding to     77.399 GeV center-of-mass energy            I
 I                                                                            I
 ==============================================================================

 ******** PYMAXI: summary of differential cross-section maximum search ********

           ==========================================================
           I                                      I                 I
           I  ISUB  Subprocess name               I  Maximum value  I
           I                                      I                 I
           ==========================================================
           I                                      I                 I
           I   91   Elastic scattering            I    5.6095D-04   I
           I   92   Single diffractive (XB)       I    4.2534D-04   I
           I   93   Single diffractive (AX)       I    3.4770D-04   I
           I   94   Double  diffractive           I    3.3075D-04   I
           I   95   Low-pT scattering             I    2.5494D-03   I
           I   96   Semihard QCD 2 -> 2           I    2.4232D-02   I
           I                                      I                 I
           ==========================================================

 ******** PYMAXI: summary of differential cross-section maximum search ********

           ==========================================================
           I                                      I                 I
           I  ISUB  Subprocess name               I  Maximum value  I
           I                                      I                 I
           ==========================================================
           I                                      I                 I
           I  131   f + gamma*_T -> f + g         I    2.3862D-04   I
           I  132   f + gamma*_L -> f + g         I    1.2607D-05   I
           I  135   g + gamma*_T -> f + fbar      I    9.6631D-04   I
           I  136   g + gamma*_L -> f + fbar      I    1.7086D-04   I
           I                                      I                 I
           ==========================================================

 ******** PYMAXI: summary of differential cross-section maximum search ********

           ==========================================================
           I                                      I                 I
           I  ISUB  Subprocess name               I  Maximum value  I
           I                                      I                 I
           ==========================================================
           I                                      I                 I
           I   91   Elastic scattering            I    2.5873D-05   I
           I   92   Single diffractive (XB)       I    2.0015D-05   I
           I   93   Single diffractive (AX)       I    1.5898D-05   I
           I   94   Double  diffractive           I    1.5454D-05   I
           I   95   Low-pT scattering             I    1.2637D-04   I
           I   96   Semihard QCD 2 -> 2           I    1.7437D-02   I
           I                                      I                 I
           ==========================================================

 ******** PYMAXI: summary of differential cross-section maximum search ********

           ==========================================================
           I                                      I                 I
           I  ISUB  Subprocess name               I  Maximum value  I
           I                                      I                 I
           ==========================================================
           I                                      I                 I
           I   99   q + gamma* -> q               I    3.4786D-03   I
           I                                      I                 I
           ==========================================================

 ********************** PYINIT: initialization completed **********************
 KKEVNT: Old Q2,y:   107.17313167413521        2.0790475636272020E-002 Rerolling.
  
   399999 events sampled
      400000  events output done

 Advisory warning: maximum violated by  1.280D+00 in event    1499
 XSEC(96,1) increased to  3.102D-02

 Advisory warning: maximum violated by  2.722D+00 in event     159
 XSEC(96,1) increased to  4.747D-02
 KKEVNT: Old Q2,y:   153.74831833613987        2.7705491248010340E-002 Rerolling.
  
   499999 events sampled
      500000  events output done
 KKEVNT: Old Q2,y:   109.61070644413032        2.1342256970642084E-002 Rerolling.
  
   599999 events sampled
      600000  events output done
 KKEVNT: Old Q2,y:   106.98643196324109        1.9210289507755586E-002 Rerolling.
  

 Advisory warning: maximum violated by  1.474D+00 in event     380
 XSEC(96,1) increased to  6.995D-02
   699999 events sampled
      700000  events output done
   799999 events sampled
      800000  events output done
   899999 events sampled
      900000  events output done
 KKEVNT: Old Q2,y:   236.23911791480140        5.3161704386179509E-002 Rerolling.
  
 KKEVNT: Old Q2,y:   380.21448063929040        6.4358266579700035E-002 Rerolling.
  
 KKEVNT: Old Q2,y:   2510.9466992942462       0.44769569539277304      Rerolling.
  
 KKEVNT: Old Q2,y:   127.30257230137829        2.5209894399174437E-002 Rerolling.
  
   999999 events sampled
     1000000  events output done
1********* PYSTAT:  Statistics on Number of Events and Cross-sections *********

 ==============================================================================
 I                                  I                            I            I
 I            Subprocess            I      Number of points      I    Sigma   I
 I                                  I                            I            I
 I----------------------------------I----------------------------I    (mb)    I
 I                                  I                            I            I
 I N:o Type                         I    Generated         Tried I            I
 I                                  I                            I            I
 ==============================================================================
 I                                  I                            I            I
 I   0 All included subprocesses    I       667296    -332143450 I  1.582D-06 I
 I  11 f + f' -> f + f' (QCD)       I          188             0 I  5.479D-10 I
 I  12 f + fbar -> f' + fbar'       I            3             0 I  2.294D-11 I
 I  13 f + fbar -> g + g            I            4             0 I  4.483D-11 I
 I  28 f + g -> f + g               I          565             0 I  5.551D-10 I
 I  53 g + g -> f + fbar            I            9             0 I  4.760D-12 I
 I  68 g + g -> g + g               I          298             0 I  1.576D-10 I
 I  91 Elastic scattering           I         4643     248036298 I  1.125D-08 I
 I  92 Single diffractive (XB)      I         2188     188208970 I  5.149D-09 I
 I  93 Single diffractive (AX)      I         1484     153653716 I  3.504D-09 I
 I  94 Double  diffractive          I         1971     244596993 I  2.874D-09 I
 I  95 Low-pT scattering            I          445     103966928 I  2.443D-09 I
 I  99 q + gamma* -> q              I       654424    1466169673 I  1.553D-06 I
 I 131 f + gamma*_T -> f + g        I          759     100587274 I  1.816D-09 I
 I 132 f + gamma*_L -> f + g        I           61       5307888 I  1.559D-10 I
 I 135 g + gamma*_T -> f + fbar     I          177     407334644 I  3.597D-10 I
 I 136 g + gamma*_L -> f + fbar     I           77      71995551 I  1.862D-10 I
 I                                  I                            I            I
 ==============================================================================
 I                                  I                            I            I
 I   1 VMD * hadron                 I        11043    1823371606 I  2.484D-08 I
 I   2 direct * hadron              I         1074     585225357 I  2.518D-09 I
 I   3 anomalous * hadron           I          755      88057210 I  1.715D-09 I
 I   4 DIS * hadron                 I       654424    1466169673 I  1.553D-06 I
 I                                  I                            I            I
 ==============================================================================

 ********* Total number of errors, excluding junctions =        0 *************
 ********* Total number of errors, including junctions =        0 *************
 ********* Total number of warnings =                           0 *************
 ********* Fraction of events that fail fragmentation cuts =  0.00013 *********

1************ PYSTAT: User-Defined Limits on Kinematical Variables ************

 ==============================================================================
 I                                                                            I
 I                 0.000D+00 <  m_hard (GeV/c^2)  <  7.087D+01                I
 I    0.000D+00 ( 1.000D+00) <  p_T_hard (GeV/c)  <  3.543D+01                I
 I                             m_finite (GeV/c^2) =  1.000D+00                I
 I                -1.000D+01 <    y*_subsystem    <  1.000D+01                I
 I                -4.000D+01 <      y*_large      <  4.000D+01                I
 I                -4.000D+01 <      y*_small      <  4.000D+01                I
 I                -4.000D+01 <     eta*_large     <  4.000D+01                I
 I                -4.000D+01 <     eta*_small     <  4.000D+01                I
 I                -1.000D+00 < cos(theta*)_large  <  1.000D+00                I
 I                -1.000D+00 < cos(theta*)_small  <  1.000D+00                I
 I                 0.000D+00 <        x_1         <  1.000D+00                I
 I                 0.000D+00 <        x_2         <  1.000D+00                I
 I                -1.000D+00 <        x_F         <  1.000D+00                I
 I                -1.000D+00 <  cos(theta_hard)   <  1.000D+00                I
 I                 2.000D+00 < m'_hard (GeV/c^2)  <  7.087D+01                I
 I                                                                            I
 ==============================================================================
 The charm mass used is:    1.5000000000000000     
 ===================================================
 FROM PYTHIA (2nd half: ep collisions):
 Pythia total cross section normalisation:   1.5822401050344416E-003  microbarn
 Total Number of generated events pythia      667296
 ===================================================
 Actual totals from BeAGLE:
 Total Number of generated events     1000000
 Total Number of trials     1000009
 ===================================================

 ===== PDFSTA statistics for PDF under/over-flows ====

 ====== STRUCTM statistics for nucleon/pion PDFs =====

   total # of calls    1703615627.0000000     
   X  below PDF min    0.0000000000000000       or    0.0000000000000000       %
   X  above PDF max    0.0000000000000000       or    0.0000000000000000       %
   Q2 below PDF min    0.0000000000000000       or    0.0000000000000000       %
   Q2 above PDF max    0.0000000000000000       or    0.0000000000000000       %

 ========= STRUCTP statistics for photon PDFs ========

   total # of calls    0.0000000000000000     


 HISTAT:              statistics - intranuclear cascade
                      ---------------------------------

 no. of events for normalization: (accepted final events, evt)    ******
                                  (events before evap.-step, evt1)     0
 no. of rejected events due to intranuclear cascade                    0

 no. of wounded nucl. in proj./ target (mean per evt)       0.00 /  0.00
 no. of particles unable to escape proj./ target (mean per evt)
        baryons:  pos.   0.000 /  0.009   neg.   0.000 /  0.000
        mesons:   pos.   0.000 /  0.000   neg.   0.000 /  0.000
 maximum no. of generations treated (maximum allowed:   0)
                                           (mean per evt)       0.00
 no. of sec. interactions in proj./ target (mean per evt1)  0.000 /  0.000
        out of which by inelastic interactions              0.000 /  0.000
                     by elastic interactions                0.000 /  0.000
                     by absorption (ap, K-, pi- only)       0.000 /  0.000


 HISTAT:              statistics - residual nuclei, evaporation
                      -----------------------------------------

 no. of events for normal.: (events handled by FICONF, evt)            0
                            (events passing the evap.-step, evt1)      0
 no. of rejected events     (   0,   0,   0)                           0


                      1) before evaporation-step:

 residual nuclei:  (mean values per evt)            proj. / target

        total number of particles                   0.000    0.000
        out of which: protons                       0.000    0.000
                      neutrons                      0.000    0.000
                      baryons                       0.000    0.000
                      pos. baryons                  0.000    0.000
        total charge                                0.000    0.000

        excitation energy (bef. evap.-step)     0.000E+00  0.000E+00
        excitation energy per nucleon           0.000E+00  0.000E+00


                      2) after  evaporation-step:

 Fission:             not requested
 Fermi-Break-up:      requested    
 Gamma-deexcitation:  requested    

 evaporation/deexcitation:  (mean values per evt1)  proj. / target

        total number of evap. particles             0.000    0.000
        out of which: protons                       0.000    0.000
                      neutrons                      0.000    0.000
                      deuterons                     0.000    0.000
                      3-H                           0.000    0.000
                      3-He                          0.000    0.000
                      4-He                          0.000    0.000
        nucl. deexcit. gammas                       0.000    0.000
        heavy fragments                             0.000    0.000


 HIMULT:                     particle - statistics
                             ---------------------

 fast/grey/black: EMU-def.

 particle    |            average multiplicity
             |     total         fast       grey     black    <pt>     f(1.7)
 ------------+---------------------------------------------------------------
 P          1|      2.302418     1.691174  0.08420  0.52705  0.45492  0.00626
 AP         2|      0.258823     0.242611  0.01548  0.00074  1.29714  0.00002
 E-         3|      1.009340     1.009340  0.00000  0.00000 10.30286  0.00008
 E+         4|      0.008257     0.008257  0.00000  0.00000  0.50493  0.00000
 NUE        5|      0.001130     0.001130  0.00000  0.00000  1.07767  0.00000
 ANUE       6|      0.002014     0.002014  0.00000  0.00000  0.76423  0.00000
 GAM        7|      1.084704     1.084704  0.00000  0.00000  0.56587  0.00003
 NEU        8|      0.709012     0.689315  0.01858  0.00112  0.72379  0.00106
 ANEU       9|      0.252757     0.236654  0.01541  0.00069  1.23546  0.00002
 MUE+      10|      0.001641     0.001583  0.00006  0.00000  0.92286  0.00000
 MUE-      11|      0.002633     0.002504  0.00012  0.00001  0.72333  0.00000
 K0L       12|      0.982497     0.890712  0.08380  0.00798  0.69589  0.00004
 PI+       13|      5.625308     5.240324  0.11388  0.27110  0.71541  0.00025
 PI-       14|      5.352458     4.989648  0.10890  0.25391  0.66140  0.00024
 K+        15|      0.569496     0.492006  0.02396  0.05353  1.09285  0.00003
 K-        16|      0.507564     0.436645  0.02260  0.04832  0.89766  0.00003
 LAM       17|      0.012987     0.011373  0.00145  0.00016  0.52413  0.00000
 ALAM      18|      0.008769     0.007652  0.00100  0.00012  0.49161  0.00000
 K0S       19|      0.597225     0.519430  0.07007  0.00773  0.39848  0.00002
 SIGM-     20|      0.001196     0.001050  0.00012  0.00002  0.57987  0.00000
 SIGM+     21|      0.001418     0.001256  0.00015  0.00001  0.60454  0.00000
 SIGM0     22|      0.001217     0.001071  0.00013  0.00001  0.63699  0.00000
 PI0       23|      2.754651     2.569550  0.16806  0.01705  0.43094  0.00011
 K0        24|      0.168255     0.147963  0.01835  0.00194  0.45105  0.00001
 AK0       25|      0.144817     0.127363  0.01577  0.00169  0.45103  0.00001
 BLANK     26|      7.172493     6.717921  0.15113  0.30344  2.05786  0.00038
 BLANK     27|     15.728748    14.194997  0.37806  1.15569  1.30292  0.00693
 BLANK     28|      0.000000     0.000000  0.00000  0.00000  0.00000  0.00000
 BLANK     29|      0.000000     0.000000  0.00000  0.00000  0.00000  0.00000
 BLANK     30|     22.715559    20.725113  0.79374  1.19671  1.07178  0.00826
 ETA550    31|      0.093232     0.082021  0.01014  0.00107  0.46937  0.00001
 RHO+77    32|      0.031357     0.027978  0.00302  0.00036  0.67917  0.00000
 RHO077    33|      0.061973     0.054499  0.00670  0.00077  0.54556  0.00000
 RHO-77    34|      0.026737     0.023933  0.00251  0.00029  0.65231  0.00000
 OM0783    35|      0.032172     0.028583  0.00322  0.00037  0.64767  0.00000
 K*+892    36|      0.010431     0.009259  0.00105  0.00012  0.68111  0.00000
 K*0892    37|      0.008030     0.007111  0.00085  0.00007  0.68074  0.00000
 K*-892    38|      0.008389     0.007461  0.00082  0.00010  0.67583  0.00000
 AK*089    39|      0.007839     0.006924  0.00083  0.00009  0.68939  0.00000
 KA+125    40|      0.000000     0.000000  0.00000  0.00000  0.00000  0.00000
 KA0125    41|      0.000000     0.000000  0.00000  0.00000  0.00000  0.00000
 KA-125    42|      0.000000     0.000000  0.00000  0.00000  0.00000  0.00000
 AKA012    43|      0.000000     0.000000  0.00000  0.00000  0.00000  0.00000
 K*+142    44|      0.000000     0.000000  0.00000  0.00000  0.00000  0.00000
 K*0142    45|      0.000000     0.000000  0.00000  0.00000  0.00000  0.00000
 K*-142    46|      0.000000     0.000000  0.00000  0.00000  0.00000  0.00000
 AK*014    47|      0.000000     0.000000  0.00000  0.00000  0.00000  0.00000
 S+1385    48|      0.000279     0.000248  0.00003  0.00000  0.80685  0.00000
 S01385    49|      0.000267     0.000232  0.00003  0.00001  0.82395  0.00000
 S-1385    50|      0.000195     0.000169  0.00003  0.00000  0.91029  0.00000
 L01820    51|      0.000000     0.000000  0.00000  0.00000  0.00000  0.00000
 L02030    52|      0.000000     0.000000  0.00000  0.00000  0.00000  0.00000
 N*++12    53|      0.001612     0.001442  0.00015  0.00002  0.75225  0.00000
 N*+ 12    54|      0.001647     0.001451  0.00018  0.00002  0.73288  0.00000
 N*012     55|      0.001492     0.001332  0.00015  0.00001  0.77634  0.00000
 N*-12     56|      0.001258     0.001109  0.00013  0.00002  0.77105  0.00000
 N*++16    57|      0.000000     0.000000  0.00000  0.00000  0.00000  0.00000
 N*+16     58|      0.000000     0.000000  0.00000  0.00000  0.00000  0.00000
 N*016     59|      0.000000     0.000000  0.00000  0.00000  0.00000  0.00000
 N*-16     60|      0.000000     0.000000  0.00000  0.00000  0.00000  0.00000
 N*+14     61|      0.000000     0.000000  0.00000  0.00000  0.00000  0.00000
 N*014     62|      0.000000     0.000000  0.00000  0.00000  0.00000  0.00000
 N*+15     63|      0.000000     0.000000  0.00000  0.00000  0.00000  0.00000
 N*015     64|      0.000000     0.000000  0.00000  0.00000  0.00000  0.00000
 N*+18     65|      0.000000     0.000000  0.00000  0.00000  0.00000  0.00000
 N*018     66|      0.000000     0.000000  0.00000  0.00000  0.00000  0.00000
 AN--12    67|      0.000933     0.000819  0.00011  0.00001  0.73116  0.00000
 AN*-12    68|      0.000954     0.000864  0.00009  0.00000  0.78285  0.00000
 AN*012    69|      0.000891     0.000770  0.00011  0.00002  0.72740  0.00000
 AN*+12    70|      0.000802     0.000708  0.00008  0.00001  0.65795  0.00000
 AN--16    71|      0.000000     0.000000  0.00000  0.00000  0.00000  0.00000
 AN*-16    72|      0.000000     0.000000  0.00000  0.00000  0.00000  0.00000
 AN*016    73|      0.000000     0.000000  0.00000  0.00000  0.00000  0.00000
 AN*+16    74|      0.000000     0.000000  0.00000  0.00000  0.00000  0.00000
 AN*-15    75|      0.000000     0.000000  0.00000  0.00000  0.00000  0.00000
 AN*015    76|      0.000000     0.000000  0.00000  0.00000  0.00000  0.00000
 DE*=24    77|      0.000000     0.000000  0.00000  0.00000  0.00000  0.00000
 RPI+49    78|      0.000000     0.000000  0.00000  0.00000  0.00000  0.00000
 RPI049    79|      0.000000     0.000000  0.00000  0.00000  0.00000  0.00000
 RPI-49    80|      0.000000     0.000000  0.00000  0.00000  0.00000  0.00000
 PIN++     81|      0.000000     0.000000  0.00000  0.00000  0.00000  0.00000
 PIN+0     82|      0.000000     0.000000  0.00000  0.00000  0.00000  0.00000
 PIN+-     83|      0.000000     0.000000  0.00000  0.00000  0.00000  0.00000
 PIN-0     84|      0.000000     0.000000  0.00000  0.00000  0.00000  0.00000
 PPPI      85|      0.000000     0.000000  0.00000  0.00000  0.00000  0.00000
 PNPI      86|      0.000000     0.000000  0.00000  0.00000  0.00000  0.00000
 APPPI     87|      0.000000     0.000000  0.00000  0.00000  0.00000  0.00000
 APNPI     88|      0.000000     0.000000  0.00000  0.00000  0.00000  0.00000
 K+PPI     89|      0.000000     0.000000  0.00000  0.00000  0.00000  0.00000
 K-PPI     90|      0.000000     0.000000  0.00000  0.00000  0.00000  0.00000
 K+NPI     91|      0.000000     0.000000  0.00000  0.00000  0.00000  0.00000
 K-NPI     92|      0.000000     0.000000  0.00000  0.00000  0.00000  0.00000
 S+1820    93|      0.000000     0.000000  0.00000  0.00000  0.00000  0.00000
 S-2030    94|      0.000000     0.000000  0.00000  0.00000  0.00000  0.00000
 ETA*      95|      0.005392     0.004821  0.00051  0.00006  0.69716  0.00000
 PHI       96|      0.002397     0.002133  0.00023  0.00003  0.72071  0.00000
 TETA0     97|      0.000634     0.000568  0.00006  0.00001  0.58963  0.00000
 TETA-     98|      0.000758     0.000667  0.00008  0.00001  0.49362  0.00000
 ASIG-     99|      0.001044     0.000921  0.00011  0.00001  0.61051  0.00000
 ASIG0    100|      0.001108     0.000963  0.00013  0.00001  0.59548  0.00000
 ASIG+    101|      0.000920     0.000804  0.00010  0.00001  0.63063  0.00000
 ATETA0   102|      0.000684     0.000589  0.00009  0.00001  0.59215  0.00000
 ATETA+   103|      0.000518     0.000462  0.00005  0.00001  0.60514  0.00000
 SIG*+    104|      0.000000     0.000000  0.00000  0.00000  0.00000  0.00000
 SIG*0    105|      0.000000     0.000000  0.00000  0.00000  0.00000  0.00000
 SIG*-    106|      0.000000     0.000000  0.00000  0.00000  0.00000  0.00000
 TETA*0   107|      0.000031     0.000024  0.00001  0.00000  0.32192  0.00000
 TETA*    108|      0.000015     0.000012  0.00000  0.00000  1.08450  0.00000
 OMEGA-   109|      0.000002     0.000001  0.00000  0.00000  0.23920  0.00000
 ASIG*-   110|      0.000194     0.000167  0.00002  0.00000  0.66474  0.00000
 ASIG*0   111|      0.000129     0.000112  0.00002  0.00000  0.64226  0.00000
 ASIG*+   112|      0.000123     0.000100  0.00002  0.00000  0.77712  0.00000
 ATET*0   113|      0.000028     0.000026  0.00000  0.00000  1.03067  0.00000
 ATET*+   114|      0.000025     0.000021  0.00000  0.00000  0.73800  0.00000
 OMEGA+   115|      0.000003     0.000003  0.00000  0.00000  0.23481  0.00000
 DEUTERON 116|      0.041079     0.036491  0.00412  0.00047  0.40711  0.00000
 3-H      117|      0.008631     0.007669  0.00087  0.00009  0.40992  0.00000
 3-HE     118|      0.003374     0.002972  0.00036  0.00005  0.45278  0.00000
 4-HE     119|      0.013966     0.012345  0.00147  0.00015  0.44503  0.00000
STOP        0.00      0.00      0.00      0.00      0.00      0.00            
